Archive member included to satisfy reference by file (symbol)

/usr/share/arm-gnu-toolchain-14.2.rel1-x86_64-arm-none-eabi/bin/../lib/gcc/arm-none-eabi/14.2.1/../../../../arm-none-eabi/lib/thumb/v6-m/nofp/libc_nano.a(libc_a-exit.o)
                              /usr/share/arm-gnu-toolchain-14.2.rel1-x86_64-arm-none-eabi/bin/../lib/gcc/arm-none-eabi/14.2.1/../../../../arm-none-eabi/lib/thumb/v6-m/nofp/crt0.o (exit)
/usr/share/arm-gnu-toolchain-14.2.rel1-x86_64-arm-none-eabi/bin/../lib/gcc/arm-none-eabi/14.2.1/../../../../arm-none-eabi/lib/thumb/v6-m/nofp/libc_nano.a(libc_a-nano-vfprintf_float.o)
                              (_printf_float)
/usr/share/arm-gnu-toolchain-14.2.rel1-x86_64-arm-none-eabi/bin/../lib/gcc/arm-none-eabi/14.2.1/../../../../arm-none-eabi/lib/thumb/v6-m/nofp/libc_nano.a(libc_a-nano-vfprintf_i.o)
                              /usr/share/arm-gnu-toolchain-14.2.rel1-x86_64-arm-none-eabi/bin/../lib/gcc/arm-none-eabi/14.2.1/../../../../arm-none-eabi/lib/thumb/v6-m/nofp/libc_nano.a(libc_a-nano-vfprintf_float.o) (_printf_common)
/usr/share/arm-gnu-toolchain-14.2.rel1-x86_64-arm-none-eabi/bin/../lib/gcc/arm-none-eabi/14.2.1/../../../../arm-none-eabi/lib/thumb/v6-m/nofp/libc_nano.a(libc_a-findfp.o)
                              /usr/share/arm-gnu-toolchain-14.2.rel1-x86_64-arm-none-eabi/bin/../lib/gcc/arm-none-eabi/14.2.1/../../../../arm-none-eabi/lib/thumb/v6-m/nofp/libc_nano.a(libc_a-exit.o) (__stdio_exit_handler)
/usr/share/arm-gnu-toolchain-14.2.rel1-x86_64-arm-none-eabi/bin/../lib/gcc/arm-none-eabi/14.2.1/../../../../arm-none-eabi/lib/thumb/v6-m/nofp/libc_nano.a(libc_a-fwalk.o)
                              /usr/share/arm-gnu-toolchain-14.2.rel1-x86_64-arm-none-eabi/bin/../lib/gcc/arm-none-eabi/14.2.1/../../../../arm-none-eabi/lib/thumb/v6-m/nofp/libc_nano.a(libc_a-findfp.o) (_fwalk_sglue)
/usr/share/arm-gnu-toolchain-14.2.rel1-x86_64-arm-none-eabi/bin/../lib/gcc/arm-none-eabi/14.2.1/../../../../arm-none-eabi/lib/thumb/v6-m/nofp/libc_nano.a(libc_a-stdio.o)
                              /usr/share/arm-gnu-toolchain-14.2.rel1-x86_64-arm-none-eabi/bin/../lib/gcc/arm-none-eabi/14.2.1/../../../../arm-none-eabi/lib/thumb/v6-m/nofp/libc_nano.a(libc_a-findfp.o) (__sread)
/usr/share/arm-gnu-toolchain-14.2.rel1-x86_64-arm-none-eabi/bin/../lib/gcc/arm-none-eabi/14.2.1/../../../../arm-none-eabi/lib/thumb/v6-m/nofp/libc_nano.a(libc_a-memset.o)
                              /usr/share/arm-gnu-toolchain-14.2.rel1-x86_64-arm-none-eabi/bin/../lib/gcc/arm-none-eabi/14.2.1/../../../../arm-none-eabi/lib/thumb/v6-m/nofp/crt0.o (memset)
/usr/share/arm-gnu-toolchain-14.2.rel1-x86_64-arm-none-eabi/bin/../lib/gcc/arm-none-eabi/14.2.1/../../../../arm-none-eabi/lib/thumb/v6-m/nofp/libc_nano.a(libc_a-localeconv.o)
                              /usr/share/arm-gnu-toolchain-14.2.rel1-x86_64-arm-none-eabi/bin/../lib/gcc/arm-none-eabi/14.2.1/../../../../arm-none-eabi/lib/thumb/v6-m/nofp/libc_nano.a(libc_a-nano-vfprintf_float.o) (_localeconv_r)
/usr/share/arm-gnu-toolchain-14.2.rel1-x86_64-arm-none-eabi/bin/../lib/gcc/arm-none-eabi/14.2.1/../../../../arm-none-eabi/lib/thumb/v6-m/nofp/libc_nano.a(libc_a-closer.o)
                              /usr/share/arm-gnu-toolchain-14.2.rel1-x86_64-arm-none-eabi/bin/../lib/gcc/arm-none-eabi/14.2.1/../../../../arm-none-eabi/lib/thumb/v6-m/nofp/libc_nano.a(libc_a-stdio.o) (_close_r)
/usr/share/arm-gnu-toolchain-14.2.rel1-x86_64-arm-none-eabi/bin/../lib/gcc/arm-none-eabi/14.2.1/../../../../arm-none-eabi/lib/thumb/v6-m/nofp/libc_nano.a(libc_a-reent.o)
                              /usr/share/arm-gnu-toolchain-14.2.rel1-x86_64-arm-none-eabi/bin/../lib/gcc/arm-none-eabi/14.2.1/../../../../arm-none-eabi/lib/thumb/v6-m/nofp/libc_nano.a(libc_a-closer.o) (errno)
/usr/share/arm-gnu-toolchain-14.2.rel1-x86_64-arm-none-eabi/bin/../lib/gcc/arm-none-eabi/14.2.1/../../../../arm-none-eabi/lib/thumb/v6-m/nofp/libc_nano.a(libc_a-impure.o)
                              /usr/share/arm-gnu-toolchain-14.2.rel1-x86_64-arm-none-eabi/bin/../lib/gcc/arm-none-eabi/14.2.1/../../../../arm-none-eabi/lib/thumb/v6-m/nofp/libc_nano.a(libc_a-reent.o) (_impure_ptr)
/usr/share/arm-gnu-toolchain-14.2.rel1-x86_64-arm-none-eabi/bin/../lib/gcc/arm-none-eabi/14.2.1/../../../../arm-none-eabi/lib/thumb/v6-m/nofp/libc_nano.a(libc_a-lseekr.o)
                              /usr/share/arm-gnu-toolchain-14.2.rel1-x86_64-arm-none-eabi/bin/../lib/gcc/arm-none-eabi/14.2.1/../../../../arm-none-eabi/lib/thumb/v6-m/nofp/libc_nano.a(libc_a-stdio.o) (_lseek_r)
/usr/share/arm-gnu-toolchain-14.2.rel1-x86_64-arm-none-eabi/bin/../lib/gcc/arm-none-eabi/14.2.1/../../../../arm-none-eabi/lib/thumb/v6-m/nofp/libc_nano.a(libc_a-readr.o)
                              /usr/share/arm-gnu-toolchain-14.2.rel1-x86_64-arm-none-eabi/bin/../lib/gcc/arm-none-eabi/14.2.1/../../../../arm-none-eabi/lib/thumb/v6-m/nofp/libc_nano.a(libc_a-stdio.o) (_read_r)
[...]
Memory Configuration

Name             Origin             Length             Attributes
FLASH            0x00000000         0x00020000         xr
SRAM             0x20000000         0x00008000         rw
*default*        0x00000000         0xffffffff

Linker script and memory map

LOAD /usr/share/arm-gnu-toolchain-14.2.rel1-x86_64-arm-none-eabi/bin/../lib/gcc/arm-none-eabi/14.2.1/thumb/v6-m/nofp/crti.o
LOAD /usr/share/arm-gnu-toolchain-14.2.rel1-x86_64-arm-none-eabi/bin/../lib/gcc/arm-none-eabi/14.2.1/thumb/v6-m/nofp/crtbegin.o
LOAD /usr/share/arm-gnu-toolchain-14.2.rel1-x86_64-arm-none-eabi/bin/../lib/gcc/arm-none-eabi/14.2.1/../../../../arm-none-eabi/lib/thumb/v6-m/nofp/crt0.o
START GROUP
LOAD /usr/share/arm-gnu-toolchain-14.2.rel1-x86_64-arm-none-eabi/bin/../lib/gcc/arm-none-eabi/14.2.1/../../../../arm-none-eabi/lib/thumb/v6-m/nofp/libc_nano.a
LOAD /usr/share/arm-gnu-toolchain-14.2.rel1-x86_64-arm-none-eabi/bin/../lib/gcc/arm-none-eabi/14.2.1/../../../../arm-none-eabi/lib/thumb/v6-m/nofp/libm.a
END GROUP
LOAD CMakeFiles/mspm0_scheduler_mode.dir/code/User/Src/main.c.obj
LOAD CMakeFiles/mspm0_scheduler_mode.dir/code/User/Src/hardware_init.c.obj
LOAD CMakeFiles/mspm0_scheduler_mode.dir/code/User/Src/mspm0g3507_it.c.obj
LOAD CMakeFiles/mspm0_scheduler_mode.dir/cmake/startup_mspm0g3507.c.obj
LOAD CMakeFiles/mspm0_scheduler_mode.dir/cmake/syscalls.c.obj
LOAD CMakeFiles/mspm0_scheduler_mode.dir/code/App/Src/scheduler.c.obj
LOAD CMakeFiles/mspm0_scheduler_mode.dir/code/App/Src/appled.c.obj
LOAD CMakeFiles/mspm0_scheduler_mode.dir/code/App/Src/appuart.c.obj
LOAD lib/libti_mspm0_driverlib.a
LOAD /usr/share/arm-gnu-toolchain-14.2.rel1-x86_64-arm-none-eabi/bin/../lib/gcc/arm-none-eabi/14.2.1/../../../../arm-none-eabi/lib/thumb/v6-m/nofp/libm.a
START GROUP
LOAD /usr/share/arm-gnu-toolchain-14.2.rel1-x86_64-arm-none-eabi/bin/../lib/gcc/arm-none-eabi/14.2.1/thumb/v6-m/nofp/libgcc.a
LOAD /usr/share/arm-gnu-toolchain-14.2.rel1-x86_64-arm-none-eabi/bin/../lib/gcc/arm-none-eabi/14.2.1/../../../../arm-none-eabi/lib/thumb/v6-m/nofp/libg_nano.a
LOAD /usr/share/arm-gnu-toolchain-14.2.rel1-x86_64-arm-none-eabi/bin/../lib/gcc/arm-none-eabi/14.2.1/../../../../arm-none-eabi/lib/thumb/v6-m/nofp/libc_nano.a
END GROUP
START GROUP
LOAD /usr/share/arm-gnu-toolchain-14.2.rel1-x86_64-arm-none-eabi/bin/../lib/gcc/arm-none-eabi/14.2.1/thumb/v6-m/nofp/libgcc.a
LOAD /usr/share/arm-gnu-toolchain-14.2.rel1-x86_64-arm-none-eabi/bin/../lib/gcc/arm-none-eabi/14.2.1/../../../../arm-none-eabi/lib/thumb/v6-m/nofp/libc_nano.a
END GROUP
LOAD /usr/share/arm-gnu-toolchain-14.2.rel1-x86_64-arm-none-eabi/bin/../lib/gcc/arm-none-eabi/14.2.1/thumb/v6-m/nofp/crtend.o
LOAD /usr/share/arm-gnu-toolchain-14.2.rel1-x86_64-arm-none-eabi/bin/../lib/gcc/arm-none-eabi/14.2.1/thumb/v6-m/nofp/crtn.o
                0x00001000                        _stack_size = 0x1000
                0x00001000                        _heap_size = 0x1000
                0x20008000                        _estack = (ORIGIN (SRAM) + LENGTH (SRAM))

.isr_vector     0x00000000       0x98
                0x00000000                        . = ALIGN (0x4)
 *(.isr_vector)
 .isr_vector    0x00000000       0x98 CMakeFiles/mspm0_scheduler_mode.dir/cmake/startup_mspm0g3507.c.obj
                0x00000000                g_pfnVectors
                0x00000098                        . = ALIGN (0x4)

.text           0x00000098     0x600c
                0x00000098                        . = ALIGN (0x4)
 *(.text)
 .text          0x00000098        0xe /usr/share/arm-gnu-toolchain-14.2.rel1-x86_64-arm-none-eabi/bin/../lib/gcc/arm-none-eabi/14.2.1/../../../../arm-none-eabi/lib/thumb/v6-m/nofp/libc_nano.a(libc_a-strlen.o)
                0x00000098                strlen
 *fill*         0x000000a6        0x2 
 .text          0x000000a8       0x14 /usr/share/arm-gnu-toolchain-14.2.rel1-x86_64-arm-none-eabi/bin/../lib/gcc/arm-none-eabi/14.2.1/thumb/v6-m/nofp/libgcc.a(_thumb1_case_uqi.o)
                0x000000a8                __gnu_thumb1_case_uqi
 .text          0x000000bc       0x14 /usr/share/arm-gnu-toolchain-14.2.rel1-x86_64-arm-none-eabi/bin/../lib/gcc/arm-none-eabi/14.2.1/thumb/v6-m/nofp/libgcc.a(_thumb1_case_shi.o)
                0x000000bc                __gnu_thumb1_case_shi
 .text          0x000000d0      0x114 /usr/share/arm-gnu-toolchain-14.2.rel1-x86_64-arm-none-eabi/bin/../lib/gcc/arm-none-eabi/14.2.1/thumb/v6-m/nofp/libgcc.a(_udivsi3.o)
                0x000000d0                __udivsi3
                0x000000d0                __aeabi_uidiv
                0x000001dc                __aeabi_uidivmod
 .text          0x000001e4      0x1d4 /usr/share/arm-gnu-toolchain-14.2.rel1-x86_64-arm-none-eabi/bin/../lib/gcc/arm-none-eabi/14.2.1/thumb/v6-m/nofp/libgcc.a(_divsi3.o)
                0x000001e4                __aeabi_idiv
                0x000001e4                __divsi3
                0x000003b0                __aeabi_idivmod
 .text          0x000003b8        0x4 /usr/share/arm-gnu-toolchain-14.2.rel1-x86_64-arm-none-eabi/bin/../lib/gcc/arm-none-eabi/14.2.1/thumb/v6-m/nofp/libgcc.a(_dvmd_tls.o)
                0x000003b8                __aeabi_ldiv0
                0x000003b8                __aeabi_idiv0
 .text          0x000003bc       0x7c /usr/share/arm-gnu-toolchain-14.2.rel1-x86_64-arm-none-eabi/bin/../lib/gcc/arm-none-eabi/14.2.1/thumb/v6-m/nofp/libgcc.a(_arm_cmpdf2.o)
                0x000003bc                __aeabi_cdrcmple
                0x000003cc                __aeabi_cdcmple
                0x000003cc                __aeabi_cdcmpeq
                0x000003dc                __aeabi_dcmpeq
                0x000003e8                __aeabi_dcmplt
                0x000003fc                __aeabi_dcmple
                0x00000410                __aeabi_dcmpgt
                0x00000424                __aeabi_dcmpge
 .text          0x00000438       0x3c /usr/share/arm-gnu-toolchain-14.2.rel1-x86_64-arm-none-eabi/bin/../lib/gcc/arm-none-eabi/14.2.1/thumb/v6-m/nofp/libgcc.a(_clzsi2.o)
                0x00000438                __clzsi2
 *(.text*)
 .text.deregister_tm_clones
                0x00000474       0x20 /usr/share/arm-gnu-toolchain-14.2.rel1-x86_64-arm-none-eabi/bin/../lib/gcc/arm-none-eabi/14.2.1/thumb/v6-m/nofp/crtbegin.o
 .text.register_tm_clones
                0x00000494       0x28 /usr/share/arm-gnu-toolchain-14.2.rel1-x86_64-arm-none-eabi/bin/../lib/gcc/arm-none-eabi/14.2.1/thumb/v6-m/nofp/crtbegin.o
 .text.__do_global_dtors_aux
                0x000004bc       0x2c /usr/share/arm-gnu-toolchain-14.2.rel1-x86_64-arm-none-eabi/bin/../lib/gcc/arm-none-eabi/14.2.1/thumb/v6-m/nofp/crtbegin.o
 .text.frame_dummy
                0x000004e8       0x24 /usr/share/arm-gnu-toolchain-14.2.rel1-x86_64-arm-none-eabi/bin/../lib/gcc/arm-none-eabi/14.2.1/thumb/v6-m/nofp/crtbegin.o
 .text.__cvt    0x0000050c       0xcc /usr/share/arm-gnu-toolchain-14.2.rel1-x86_64-arm-none-eabi/bin/../lib/gcc/arm-none-eabi/14.2.1/../../../../arm-none-eabi/lib/thumb/v6-m/nofp/libc_nano.a(libc_a-nano-vfprintf_float.o)
                0x0000050c                __cvt
 .text.__exponent
                0x000005d8       0x82 /usr/share/arm-gnu-toolchain-14.2.rel1-x86_64-arm-none-eabi/bin/../lib/gcc/arm-none-eabi/14.2.1/../../../../arm-none-eabi/lib/thumb/v6-m/nofp/libc_nano.a(libc_a-nano-vfprintf_float.o)
                0x000005d8                __exponent
 *fill*         0x0000065a        0x2 
 .text._printf_float
                0x0000065c      0x45c /usr/share/arm-gnu-toolchain-14.2.rel1-x86_64-arm-none-eabi/bin/../lib/gcc/arm-none-eabi/14.2.1/../../../../arm-none-eabi/lib/thumb/v6-m/nofp/libc_nano.a(libc_a-nano-vfprintf_float.o)
                0x0000065c                _printf_float
 .text._printf_common
                0x00000ab8       0xde /usr/share/arm-gnu-toolchain-14.2.rel1-x86_64-arm-none-eabi/bin/../lib/gcc/arm-none-eabi/14.2.1/../../../../arm-none-eabi/lib/thumb/v6-m/nofp/libc_nano.a(libc_a-nano-vfprintf_i.o)
                0x00000ab8                _printf_common
 *fill*         0x00000b96        0x2 
 .text._printf_i
                0x00000b98      0x218 /usr/share/arm-gnu-toolchain-14.2.rel1-x86_64-arm-none-eabi/bin/../lib/gcc/arm-none-eabi/14.2.1/../../../../arm-none-eabi/lib/thumb/v6-m/nofp/libc_nano.a(libc_a-nano-vfprintf_i.o)
                0x00000b98                _printf_i
 .text.std      0x00000db0       0x6c /usr/share/arm-gnu-toolchain-14.2.rel1-x86_64-arm-none-eabi/bin/../lib/gcc/arm-none-eabi/14.2.1/../../../../arm-none-eabi/lib/thumb/v6-m/nofp/libc_nano.a(libc_a-findfp.o)
 .text.stdio_exit_handler
                0x00000e1c       0x1c /usr/share/arm-gnu-toolchain-14.2.rel1-x86_64-arm-none-eabi/bin/../lib/gcc/arm-none-eabi/14.2.1/../../../../arm-none-eabi/lib/thumb/v6-m/nofp/libc_nano.a(libc_a-findfp.o)
 .text.cleanup_stdio
                0x00000e38       0x3c /usr/share/arm-gnu-toolchain-14.2.rel1-x86_64-arm-none-eabi/bin/../lib/gcc/arm-none-eabi/14.2.1/../../../../arm-none-eabi/lib/thumb/v6-m/nofp/libc_nano.a(libc_a-findfp.o)
 .text.global_stdio_init.part.0
                0x00000e74       0x3c /usr/share/arm-gnu-toolchain-14.2.rel1-x86_64-arm-none-eabi/bin/../lib/gcc/arm-none-eabi/14.2.1/../../../../arm-none-eabi/lib/thumb/v6-m/nofp/libc_nano.a(libc_a-findfp.o)
 .text.__sfp_lock_acquire
                0x00000eb0       0x10 /usr/share/arm-gnu-toolchain-14.2.rel1-x86_64-arm-none-eabi/bin/../lib/gcc/arm-none-eabi/14.2.1/../../../../arm-none-eabi/lib/thumb/v6-m/nofp/libc_nano.a(libc_a-findfp.o)
                0x00000eb0                __sfp_lock_acquire
 .text.__sfp_lock_release
                0x00000ec0       0x10 /usr/share/arm-gnu-toolchain-14.2.rel1-x86_64-arm-none-eabi/bin/../lib/gcc/arm-none-eabi/14.2.1/../../../../arm-none-eabi/lib/thumb/v6-m/nofp/libc_nano.a(libc_a-findfp.o)
                0x00000ec0                __sfp_lock_release
 .text.__sinit  0x00000ed0       0x30 /usr/share/arm-gnu-toolchain-14.2.rel1-x86_64-arm-none-eabi/bin/../lib/gcc/arm-none-eabi/14.2.1/../../../../arm-none-eabi/lib/thumb/v6-m/nofp/libc_nano.a(libc_a-findfp.o)
                0x00000ed0                __sinit
 .text._fwalk_sglue
                0x00000f00       0x38 /usr/share/arm-gnu-toolchain-14.2.rel1-x86_64-arm-none-eabi/bin/../lib/gcc/arm-none-eabi/14.2.1/../../../../arm-none-eabi/lib/thumb/v6-m/nofp/libc_nano.a(libc_a-fwalk.o)
                0x00000f00                _fwalk_sglue
 .text.__sread  0x00000f38       0x28 /usr/share/arm-gnu-toolchain-14.2.rel1-x86_64-arm-none-eabi/bin/../lib/gcc/arm-none-eabi/14.2.1/../../../../arm-none-eabi/lib/thumb/v6-m/nofp/libc_nano.a(libc_a-stdio.o)
                0x00000f38                __sread
 .text.__swrite
                0x00000f60       0x38 /usr/share/arm-gnu-toolchain-14.2.rel1-x86_64-arm-none-eabi/bin/../lib/gcc/arm-none-eabi/14.2.1/../../../../arm-none-eabi/lib/thumb/v6-m/nofp/libc_nano.a(libc_a-stdio.o)
                0x00000f60                __swrite
 .text.__sseek  0x00000f98       0x2c /usr/share/arm-gnu-toolchain-14.2.rel1-x86_64-arm-none-eabi/bin/../lib/gcc/arm-none-eabi/14.2.1/../../../../arm-none-eabi/lib/thumb/v6-m/nofp/libc_nano.a(libc_a-stdio.o)
                0x00000f98                __sseek
 .text.__sclose
                0x00000fc4        0xc /usr/share/arm-gnu-toolchain-14.2.rel1-x86_64-arm-none-eabi/bin/../lib/gcc/arm-none-eabi/14.2.1/../../../../arm-none-eabi/lib/thumb/v6-m/nofp/libc_nano.a(libc_a-stdio.o)
                0x00000fc4                __sclose
 .text.memset   0x00000fd0       0x10 /usr/share/arm-gnu-toolchain-14.2.rel1-x86_64-arm-none-eabi/bin/../lib/gcc/arm-none-eabi/14.2.1/../../../../arm-none-eabi/lib/thumb/v6-m/nofp/libc_nano.a(libc_a-memset.o)
                0x00000fd0                memset
 .text._localeconv_r
                0x00000fe0        0x8 /usr/share/arm-gnu-toolchain-14.2.rel1-x86_64-arm-none-eabi/bin/../lib/gcc/arm-none-eabi/14.2.1/../../../../arm-none-eabi/lib/thumb/v6-m/nofp/libc_nano.a(libc_a-localeconv.o)
                0x00000fe0                _localeconv_r
 .text._close_r
                0x00000fe8       0x24 /usr/share/arm-gnu-toolchain-14.2.rel1-x86_64-arm-none-eabi/bin/../lib/gcc/arm-none-eabi/14.2.1/../../../../arm-none-eabi/lib/thumb/v6-m/nofp/libc_nano.a(libc_a-closer.o)
                0x00000fe8                _close_r
 .text._lseek_r
                0x0000100c       0x28 /usr/share/arm-gnu-toolchain-14.2.rel1-x86_64-arm-none-eabi/bin/../lib/gcc/arm-none-eabi/14.2.1/../../../../arm-none-eabi/lib/thumb/v6-m/nofp/libc_nano.a(libc_a-lseekr.o)
                0x0000100c                _lseek_r
 .text._read_r  0x00001034       0x28 /usr/share/arm-gnu-toolchain-14.2.rel1-x86_64-arm-none-eabi/bin/../lib/gcc/arm-none-eabi/14.2.1/../../../../arm-none-eabi/lib/thumb/v6-m/nofp/libc_nano.a(libc_a-readr.o)
                0x00001034                _read_r
 .text._write_r
                0x0000105c       0x28 /usr/share/arm-gnu-toolchain-14.2.rel1-x86_64-arm-none-eabi/bin/../lib/gcc/arm-none-eabi/14.2.1/../../../../arm-none-eabi/lib/thumb/v6-m/nofp/libc_nano.a(libc_a-writer.o)
                0x0000105c                _write_r
 .text.__retarget_lock_init_recursive
                0x00001084        0x2 /usr/share/arm-gnu-toolchain-14.2.rel1-x86_64-arm-none-eabi/bin/../lib/gcc/arm-none-eabi/14.2.1/../../../../arm-none-eabi/lib/thumb/v6-m/nofp/libc_nano.a(libc_a-lock.o)
                0x00001084                __retarget_lock_init_recursive
 .text.__retarget_lock_acquire_recursive
                0x00001086        0x2 /usr/share/arm-gnu-toolchain-14.2.rel1-x86_64-arm-none-eabi/bin/../lib/gcc/arm-none-eabi/14.2.1/../../../../arm-none-eabi/lib/thumb/v6-m/nofp/libc_nano.a(libc_a-lock.o)
                0x00001086                __retarget_lock_acquire_recursive
 .text.__retarget_lock_release_recursive
                0x00001088        0x2 /usr/share/arm-gnu-toolchain-14.2.rel1-x86_64-arm-none-eabi/bin/../lib/gcc/arm-none-eabi/14.2.1/../../../../arm-none-eabi/lib/thumb/v6-m/nofp/libc_nano.a(libc_a-lock.o)
                0x00001088                __retarget_lock_release_recursive
 .text.memchr   0x0000108a       0x16 /usr/share/arm-gnu-toolchain-14.2.rel1-x86_64-arm-none-eabi/bin/../lib/gcc/arm-none-eabi/14.2.1/../../../../arm-none-eabi/lib/thumb/v6-m/nofp/libc_nano.a(libc_a-memchr-stub.o)
                0x0000108a                memchr
 .text.quorem   0x000010a0      0x10a /usr/share/arm-gnu-toolchain-14.2.rel1-x86_64-arm-none-eabi/bin/../lib/gcc/arm-none-eabi/14.2.1/../../../../arm-none-eabi/lib/thumb/v6-m/nofp/libc_nano.a(libc_a-dtoa.o)
 *fill*         0x000011aa        0x2 
 .text._dtoa_r  0x000011ac      0xbd8 /usr/share/arm-gnu-toolchain-14.2.rel1-x86_64-arm-none-eabi/bin/../lib/gcc/arm-none-eabi/14.2.1/../../../../arm-none-eabi/lib/thumb/v6-m/nofp/libc_nano.a(libc_a-dtoa.o)
                0x000011ac                _dtoa_r
 .text._free_r  0x00001d84       0x94 /usr/share/arm-gnu-toolchain-14.2.rel1-x86_64-arm-none-eabi/bin/../lib/gcc/arm-none-eabi/14.2.1/../../../../arm-none-eabi/lib/thumb/v6-m/nofp/libc_nano.a(libc_a-freer.o)
                0x00001d84                _free_r
 .text.malloc   0x00001e18       0x14 /usr/share/arm-gnu-toolchain-14.2.rel1-x86_64-arm-none-eabi/bin/../lib/gcc/arm-none-eabi/14.2.1/../../../../arm-none-eabi/lib/thumb/v6-m/nofp/libc_nano.a(libc_a-malloc.o)
                0x00001e18                malloc
 .text.sbrk_aligned
                0x00001e2c       0x44 /usr/share/arm-gnu-toolchain-14.2.rel1-x86_64-arm-none-eabi/bin/../lib/gcc/arm-none-eabi/14.2.1/../../../../arm-none-eabi/lib/thumb/v6-m/nofp/libc_nano.a(libc_a-mallocr.o)
 .text._malloc_r
                0x00001e70      0x100 /usr/share/arm-gnu-toolchain-14.2.rel1-x86_64-arm-none-eabi/bin/../lib/gcc/arm-none-eabi/14.2.1/../../../../arm-none-eabi/lib/thumb/v6-m/nofp/libc_nano.a(libc_a-mallocr.o)
                0x00001e70                _malloc_r
 .text.__malloc_lock
                0x00001f70       0x10 /usr/share/arm-gnu-toolchain-14.2.rel1-x86_64-arm-none-eabi/bin/../lib/gcc/arm-none-eabi/14.2.1/../../../../arm-none-eabi/lib/thumb/v6-m/nofp/libc_nano.a(libc_a-mlock.o)
                0x00001f70                __malloc_lock
 .text.__malloc_unlock
                0x00001f80       0x10 /usr/share/arm-gnu-toolchain-14.2.rel1-x86_64-arm-none-eabi/bin/../lib/gcc/arm-none-eabi/14.2.1/../../../../arm-none-eabi/lib/thumb/v6-m/nofp/libc_nano.a(libc_a-mlock.o)
                0x00001f80                __malloc_unlock
 .text._Balloc  0x00001f90       0x84 /usr/share/arm-gnu-toolchain-14.2.rel1-x86_64-arm-none-eabi/bin/../lib/gcc/arm-none-eabi/14.2.1/../../../../arm-none-eabi/lib/thumb/v6-m/nofp/libc_nano.a(libc_a-mprec.o)
                0x00001f90                _Balloc
 .text._Bfree   0x00002014       0x48 /usr/share/arm-gnu-toolchain-14.2.rel1-x86_64-arm-none-eabi/bin/../lib/gcc/arm-none-eabi/14.2.1/../../../../arm-none-eabi/lib/thumb/v6-m/nofp/libc_nano.a(libc_a-mprec.o)
                0x00002014                _Bfree
 .text.__multadd
                0x0000205c       0x88 /usr/share/arm-gnu-toolchain-14.2.rel1-x86_64-arm-none-eabi/bin/../lib/gcc/arm-none-eabi/14.2.1/../../../../arm-none-eabi/lib/thumb/v6-m/nofp/libc_nano.a(libc_a-mprec.o)
                0x0000205c                __multadd
 .text.__hi0bits
                0x000020e4       0x42 /usr/share/arm-gnu-toolchain-14.2.rel1-x86_64-arm-none-eabi/bin/../lib/gcc/arm-none-eabi/14.2.1/../../../../arm-none-eabi/lib/thumb/v6-m/nofp/libc_nano.a(libc_a-mprec.o)
                0x000020e4                __hi0bits
 .text.__lo0bits
                0x00002126       0x5c /usr/share/arm-gnu-toolchain-14.2.rel1-x86_64-arm-none-eabi/bin/../lib/gcc/arm-none-eabi/14.2.1/../../../../arm-none-eabi/lib/thumb/v6-m/nofp/libc_nano.a(libc_a-mprec.o)
                0x00002126                __lo0bits
 *fill*         0x00002182        0x2 
 .text.__i2b    0x00002184       0x30 /usr/share/arm-gnu-toolchain-14.2.rel1-x86_64-arm-none-eabi/bin/../lib/gcc/arm-none-eabi/14.2.1/../../../../arm-none-eabi/lib/thumb/v6-m/nofp/libc_nano.a(libc_a-mprec.o)
                0x00002184                __i2b
 .text.__multiply
                0x000021b4      0x158 /usr/share/arm-gnu-toolchain-14.2.rel1-x86_64-arm-none-eabi/bin/../lib/gcc/arm-none-eabi/14.2.1/../../../../arm-none-eabi/lib/thumb/v6-m/nofp/libc_nano.a(libc_a-mprec.o)
                0x000021b4                __multiply
 .text.__pow5mult
                0x0000230c       0xc4 /usr/share/arm-gnu-toolchain-14.2.rel1-x86_64-arm-none-eabi/bin/../lib/gcc/arm-none-eabi/14.2.1/../../../../arm-none-eabi/lib/thumb/v6-m/nofp/libc_nano.a(libc_a-mprec.o)
                0x0000230c                __pow5mult
 .text.__lshift
                0x000023d0       0xd8 /usr/share/arm-gnu-toolchain-14.2.rel1-x86_64-arm-none-eabi/bin/../lib/gcc/arm-none-eabi/14.2.1/../../../../arm-none-eabi/lib/thumb/v6-m/nofp/libc_nano.a(libc_a-mprec.o)
                0x000023d0                __lshift
 .text.__mcmp   0x000024a8       0x36 /usr/share/arm-gnu-toolchain-14.2.rel1-x86_64-arm-none-eabi/bin/../lib/gcc/arm-none-eabi/14.2.1/../../../../arm-none-eabi/lib/thumb/v6-m/nofp/libc_nano.a(libc_a-mprec.o)
                0x000024a8                __mcmp
 *fill*         0x000024de        0x2 
 .text.__mdiff  0x000024e0      0x148 /usr/share/arm-gnu-toolchain-14.2.rel1-x86_64-arm-none-eabi/bin/../lib/gcc/arm-none-eabi/14.2.1/../../../../arm-none-eabi/lib/thumb/v6-m/nofp/libc_nano.a(libc_a-mprec.o)
                0x000024e0                __mdiff
 .text.__d2b    0x00002628       0xc0 /usr/share/arm-gnu-toolchain-14.2.rel1-x86_64-arm-none-eabi/bin/../lib/gcc/arm-none-eabi/14.2.1/../../../../arm-none-eabi/lib/thumb/v6-m/nofp/libc_nano.a(libc_a-mprec.o)
                0x00002628                __d2b
 .text.__sflush_r
                0x000026e8      0x114 /usr/share/arm-gnu-toolchain-14.2.rel1-x86_64-arm-none-eabi/bin/../lib/gcc/arm-none-eabi/14.2.1/../../../../arm-none-eabi/lib/thumb/v6-m/nofp/libc_nano.a(libc_a-fflush.o)
                0x000026e8                __sflush_r
 .text._fflush_r
                0x000027fc       0x56 /usr/share/arm-gnu-toolchain-14.2.rel1-x86_64-arm-none-eabi/bin/../lib/gcc/arm-none-eabi/14.2.1/../../../../arm-none-eabi/lib/thumb/v6-m/nofp/libc_nano.a(libc_a-fflush.o)
                0x000027fc                _fflush_r
 *fill*         0x00002852        0x2 
 .text._sbrk_r  0x00002854       0x24 /usr/share/arm-gnu-toolchain-14.2.rel1-x86_64-arm-none-eabi/bin/../lib/gcc/arm-none-eabi/14.2.1/../../../../arm-none-eabi/lib/thumb/v6-m/nofp/libc_nano.a(libc_a-sbrkr.o)
                0x00002854                _sbrk_r
 .text.memcpy   0x00002878       0x12 /usr/share/arm-gnu-toolchain-14.2.rel1-x86_64-arm-none-eabi/bin/../lib/gcc/arm-none-eabi/14.2.1/../../../../arm-none-eabi/lib/thumb/v6-m/nofp/libc_nano.a(libc_a-memcpy-stub.o)
                0x00002878                memcpy
 *fill*         0x0000288a        0x2 
 .text.__assert_func
                0x0000288c       0x3c /usr/share/arm-gnu-toolchain-14.2.rel1-x86_64-arm-none-eabi/bin/../lib/gcc/arm-none-eabi/14.2.1/../../../../arm-none-eabi/lib/thumb/v6-m/nofp/libc_nano.a(libc_a-assert.o)
                0x0000288c                __assert_func
 .text._calloc_r
                0x000028c8       0x5a /usr/share/arm-gnu-toolchain-14.2.rel1-x86_64-arm-none-eabi/bin/../lib/gcc/arm-none-eabi/14.2.1/../../../../arm-none-eabi/lib/thumb/v6-m/nofp/libc_nano.a(libc_a-callocr.o)
                0x000028c8                _calloc_r
 .text.__ascii_mbtowc
                0x00002922       0x24 /usr/share/arm-gnu-toolchain-14.2.rel1-x86_64-arm-none-eabi/bin/../lib/gcc/arm-none-eabi/14.2.1/../../../../arm-none-eabi/lib/thumb/v6-m/nofp/libc_nano.a(libc_a-mbtowc_r.o)
                0x00002922                __ascii_mbtowc
 .text.__ascii_wctomb
                0x00002946       0x1a /usr/share/arm-gnu-toolchain-14.2.rel1-x86_64-arm-none-eabi/bin/../lib/gcc/arm-none-eabi/14.2.1/../../../../arm-none-eabi/lib/thumb/v6-m/nofp/libc_nano.a(libc_a-wctomb_r.o)
                0x00002946                __ascii_wctomb
 .text.fprintf  0x00002960       0x20 /usr/share/arm-gnu-toolchain-14.2.rel1-x86_64-arm-none-eabi/bin/../lib/gcc/arm-none-eabi/14.2.1/../../../../arm-none-eabi/lib/thumb/v6-m/nofp/libc_nano.a(libc_a-fprintf.o)
                0x00002960                fprintf
                0x00002960                fiprintf
 .text.abort    0x00002980        0xe /usr/share/arm-gnu-toolchain-14.2.rel1-x86_64-arm-none-eabi/bin/../lib/gcc/arm-none-eabi/14.2.1/../../../../arm-none-eabi/lib/thumb/v6-m/nofp/libc_nano.a(libc_a-abort.o)
                0x00002980                abort
 .text.__sfputc_r
                0x0000298e       0x2a /usr/share/arm-gnu-toolchain-14.2.rel1-x86_64-arm-none-eabi/bin/../lib/gcc/arm-none-eabi/14.2.1/../../../../arm-none-eabi/lib/thumb/v6-m/nofp/libc_nano.a(libc_a-nano-vfprintf.o)
 .text.__sfputs_r
                0x000029b8       0x24 /usr/share/arm-gnu-toolchain-14.2.rel1-x86_64-arm-none-eabi/bin/../lib/gcc/arm-none-eabi/14.2.1/../../../../arm-none-eabi/lib/thumb/v6-m/nofp/libc_nano.a(libc_a-nano-vfprintf.o)
                0x000029b8                __sfputs_r
 .text._vfprintf_r
                0x000029dc      0x240 /usr/share/arm-gnu-toolchain-14.2.rel1-x86_64-arm-none-eabi/bin/../lib/gcc/arm-none-eabi/14.2.1/../../../../arm-none-eabi/lib/thumb/v6-m/nofp/libc_nano.a(libc_a-nano-vfprintf.o)
                0x000029dc                _vfiprintf_r
                0x000029dc                _vfprintf_r
 .text.__swbuf_r
                0x00002c1c       0x84 /usr/share/arm-gnu-toolchain-14.2.rel1-x86_64-arm-none-eabi/bin/../lib/gcc/arm-none-eabi/14.2.1/../../../../arm-none-eabi/lib/thumb/v6-m/nofp/libc_nano.a(libc_a-wbuf.o)
                0x00002c1c                __swbuf_r
 .text.__swsetup_r
                0x00002ca0       0xb4 /usr/share/arm-gnu-toolchain-14.2.rel1-x86_64-arm-none-eabi/bin/../lib/gcc/arm-none-eabi/14.2.1/../../../../arm-none-eabi/lib/thumb/v6-m/nofp/libc_nano.a(libc_a-wsetup.o)
                0x00002ca0                __swsetup_r
 .text.memmove  0x00002d54       0x24 /usr/share/arm-gnu-toolchain-14.2.rel1-x86_64-arm-none-eabi/bin/../lib/gcc/arm-none-eabi/14.2.1/../../../../arm-none-eabi/lib/thumb/v6-m/nofp/libc_nano.a(libc_a-memmove.o)
                0x00002d54                memmove
 .text._raise_r
                0x00002d78       0x52 /usr/share/arm-gnu-toolchain-14.2.rel1-x86_64-arm-none-eabi/bin/../lib/gcc/arm-none-eabi/14.2.1/../../../../arm-none-eabi/lib/thumb/v6-m/nofp/libc_nano.a(libc_a-signal.o)
                0x00002d78                _raise_r
 *fill*         0x00002dca        0x2 
 .text.raise    0x00002dcc       0x14 /usr/share/arm-gnu-toolchain-14.2.rel1-x86_64-arm-none-eabi/bin/../lib/gcc/arm-none-eabi/14.2.1/../../../../arm-none-eabi/lib/thumb/v6-m/nofp/libc_nano.a(libc_a-signal.o)
                0x00002dcc                raise
 .text._kill_r  0x00002de0       0x24 /usr/share/arm-gnu-toolchain-14.2.rel1-x86_64-arm-none-eabi/bin/../lib/gcc/arm-none-eabi/14.2.1/../../../../arm-none-eabi/lib/thumb/v6-m/nofp/libc_nano.a(libc_a-signalr.o)
                0x00002de0                _kill_r
 .text._getpid_r
                0x00002e04        0x8 /usr/share/arm-gnu-toolchain-14.2.rel1-x86_64-arm-none-eabi/bin/../lib/gcc/arm-none-eabi/14.2.1/../../../../arm-none-eabi/lib/thumb/v6-m/nofp/libc_nano.a(libc_a-signalr.o)
                0x00002e04                _getpid_r
 .text._realloc_r
                0x00002e0c       0x60 /usr/share/arm-gnu-toolchain-14.2.rel1-x86_64-arm-none-eabi/bin/../lib/gcc/arm-none-eabi/14.2.1/../../../../arm-none-eabi/lib/thumb/v6-m/nofp/libc_nano.a(libc_a-reallocr.o)
                0x00002e0c                _realloc_r
 .text.__swhatbuf_r
                0x00002e6c       0x54 /usr/share/arm-gnu-toolchain-14.2.rel1-x86_64-arm-none-eabi/bin/../lib/gcc/arm-none-eabi/14.2.1/../../../../arm-none-eabi/lib/thumb/v6-m/nofp/libc_nano.a(libc_a-makebuf.o)
                0x00002e6c                __swhatbuf_r
 .text.__smakebuf_r
                0x00002ec0       0x72 /usr/share/arm-gnu-toolchain-14.2.rel1-x86_64-arm-none-eabi/bin/../lib/gcc/arm-none-eabi/14.2.1/../../../../arm-none-eabi/lib/thumb/v6-m/nofp/libc_nano.a(libc_a-makebuf.o)
                0x00002ec0                __smakebuf_r
 *fill*         0x00002f32        0x2 
 .text._fstat_r
                0x00002f34       0x24 /usr/share/arm-gnu-toolchain-14.2.rel1-x86_64-arm-none-eabi/bin/../lib/gcc/arm-none-eabi/14.2.1/../../../../arm-none-eabi/lib/thumb/v6-m/nofp/libc_nano.a(libc_a-fstatr.o)
                0x00002f34                _fstat_r
 .text._isatty_r
                0x00002f58       0x24 /usr/share/arm-gnu-toolchain-14.2.rel1-x86_64-arm-none-eabi/bin/../lib/gcc/arm-none-eabi/14.2.1/../../../../arm-none-eabi/lib/thumb/v6-m/nofp/libc_nano.a(libc_a-isattyr.o)
                0x00002f58                _isatty_r
 .text._malloc_usable_size_r
                0x00002f7c       0x10 /usr/share/arm-gnu-toolchain-14.2.rel1-x86_64-arm-none-eabi/bin/../lib/gcc/arm-none-eabi/14.2.1/../../../../arm-none-eabi/lib/thumb/v6-m/nofp/libc_nano.a(libc_a-msizer.o)
                0x00002f7c                _malloc_usable_size_r
 .text.main     0x00002f8c       0x12 CMakeFiles/mspm0_scheduler_mode.dir/code/User/Src/main.c.obj
                0x00002f8c                main
 *fill*         0x00002f9e        0x2 
 .text.__NVIC_EnableIRQ
                0x00002fa0       0x34 CMakeFiles/mspm0_scheduler_mode.dir/code/User/Src/hardware_init.c.obj
 .text.__NVIC_ClearPendingIRQ
                0x00002fd4       0x38 CMakeFiles/mspm0_scheduler_mode.dir/code/User/Src/hardware_init.c.obj
 .text.__NVIC_SetPriority
                0x0000300c       0xdc CMakeFiles/mspm0_scheduler_mode.dir/code/User/Src/hardware_init.c.obj
 .text.DL_Common_updateReg
                0x000030e8       0x32 CMakeFiles/mspm0_scheduler_mode.dir/code/User/Src/hardware_init.c.obj
 *fill*         0x0000311a        0x2 
 .text.DL_SYSCTL_setBORThreshold
                0x0000311c       0x28 CMakeFiles/mspm0_scheduler_mode.dir/code/User/Src/hardware_init.c.obj
 .text.DL_SYSCTL_setMCLKDivider
                0x00003144       0x30 CMakeFiles/mspm0_scheduler_mode.dir/code/User/Src/hardware_init.c.obj
 .text.DL_SYSCTL_setSYSOSCFreq
                0x00003174       0x2c CMakeFiles/mspm0_scheduler_mode.dir/code/User/Src/hardware_init.c.obj
 .text.DL_SYSCTL_setULPCLKDivider
                0x000031a0       0x30 CMakeFiles/mspm0_scheduler_mode.dir/code/User/Src/hardware_init.c.obj
 .text.DL_SYSCTL_disableSYSPLL
                0x000031d0       0x28 CMakeFiles/mspm0_scheduler_mode.dir/code/User/Src/hardware_init.c.obj
 .text.DL_SYSCTL_disableHFXT
                0x000031f8       0x24 CMakeFiles/mspm0_scheduler_mode.dir/code/User/Src/hardware_init.c.obj
 .text.DL_SYSCTL_enableMFCLK
                0x0000321c       0x24 CMakeFiles/mspm0_scheduler_mode.dir/code/User/Src/hardware_init.c.obj
 .text.DL_GPIO_enablePower
                0x00003240       0x20 CMakeFiles/mspm0_scheduler_mode.dir/code/User/Src/hardware_init.c.obj
 .text.DL_GPIO_reset
                0x00003260       0x20 CMakeFiles/mspm0_scheduler_mode.dir/code/User/Src/hardware_init.c.obj
 .text.DL_GPIO_initDigitalOutput
                0x00003280       0x24 CMakeFiles/mspm0_scheduler_mode.dir/code/User/Src/hardware_init.c.obj
 .text.DL_GPIO_initPeripheralOutputFunction
                0x000032a4       0x28 CMakeFiles/mspm0_scheduler_mode.dir/code/User/Src/hardware_init.c.obj
 .text.DL_GPIO_initPeripheralInputFunction
                0x000032cc       0x2c CMakeFiles/mspm0_scheduler_mode.dir/code/User/Src/hardware_init.c.obj
 .text.DL_GPIO_clearPins
                0x000032f8       0x1c CMakeFiles/mspm0_scheduler_mode.dir/code/User/Src/hardware_init.c.obj
 .text.DL_GPIO_enableOutput
                0x00003314       0x20 CMakeFiles/mspm0_scheduler_mode.dir/code/User/Src/hardware_init.c.obj
 .text.DL_Timer_enablePower
                0x00003334       0x20 CMakeFiles/mspm0_scheduler_mode.dir/code/User/Src/hardware_init.c.obj
 .text.DL_Timer_reset
                0x00003354       0x20 CMakeFiles/mspm0_scheduler_mode.dir/code/User/Src/hardware_init.c.obj
 .text.DL_Timer_enableClock
                0x00003374       0x1c CMakeFiles/mspm0_scheduler_mode.dir/code/User/Src/hardware_init.c.obj
 .text.DL_Timer_enableInterrupt
                0x00003390       0x28 CMakeFiles/mspm0_scheduler_mode.dir/code/User/Src/hardware_init.c.obj
 .text.DL_UART_enablePower
                0x000033b8       0x20 CMakeFiles/mspm0_scheduler_mode.dir/code/User/Src/hardware_init.c.obj
 .text.DL_UART_reset
                0x000033d8       0x20 CMakeFiles/mspm0_scheduler_mode.dir/code/User/Src/hardware_init.c.obj
 .text.DL_UART_enable
                0x000033f8       0x26 CMakeFiles/mspm0_scheduler_mode.dir/code/User/Src/hardware_init.c.obj
 .text.DL_UART_setOversampling
                0x0000341e       0x28 CMakeFiles/mspm0_scheduler_mode.dir/code/User/Src/hardware_init.c.obj
 *fill*         0x00003446        0x2 
 .text.DL_UART_setBaudRateDivisor
                0x00003448       0x60 CMakeFiles/mspm0_scheduler_mode.dir/code/User/Src/hardware_init.c.obj
 .text.DL_UART_enableInterrupt
                0x000034a8       0x28 CMakeFiles/mspm0_scheduler_mode.dir/code/User/Src/hardware_init.c.obj
 .text.SYSCFG_DL_init
                0x000034d0       0x36 CMakeFiles/mspm0_scheduler_mode.dir/code/User/Src/hardware_init.c.obj
                0x000034d0                SYSCFG_DL_init
 *fill*         0x00003506        0x2 
 .text.SYSCFG_DL_initPower
                0x00003508       0x60 CMakeFiles/mspm0_scheduler_mode.dir/code/User/Src/hardware_init.c.obj
                0x00003508                SYSCFG_DL_initPower
 .text.SYSCFG_DL_GPIO_init
                0x00003568       0x40 CMakeFiles/mspm0_scheduler_mode.dir/code/User/Src/hardware_init.c.obj
                0x00003568                SYSCFG_DL_GPIO_init
 .text.SYSCFG_DL_SYSCTL_init
                0x000035a8       0x2e CMakeFiles/mspm0_scheduler_mode.dir/code/User/Src/hardware_init.c.obj
                0x000035a8                SYSCFG_DL_SYSCTL_init
 *fill*         0x000035d6        0x2 
 .text.SYSCFG_DL_TIMER_0_init
                0x000035d8       0x48 CMakeFiles/mspm0_scheduler_mode.dir/code/User/Src/hardware_init.c.obj
                0x000035d8                SYSCFG_DL_TIMER_0_init
 .text.SYSCFG_DL_UART_0_init
                0x00003620       0x5c CMakeFiles/mspm0_scheduler_mode.dir/code/User/Src/hardware_init.c.obj
                0x00003620                SYSCFG_DL_UART_0_init
 .text.DL_Timer_getPendingInterrupt
                0x0000367c       0x1a CMakeFiles/mspm0_scheduler_mode.dir/code/User/Src/mspm0g3507_it.c.obj
 *fill*         0x00003696        0x2 
 .text.TIMG0_IRQHandler
                0x00003698       0x30 CMakeFiles/mspm0_scheduler_mode.dir/code/User/Src/mspm0g3507_it.c.obj
                0x00003698                TIMG0_IRQHandler
 .text.Reset_Handler
                0x000036c8       0x60 CMakeFiles/mspm0_scheduler_mode.dir/cmake/startup_mspm0g3507.c.obj
                0x000036c8                Reset_Handler
 .text.Default_Handler
                0x00003728        0x8 CMakeFiles/mspm0_scheduler_mode.dir/cmake/startup_mspm0g3507.c.obj
                0x00003728                TIMG6_IRQHandler
                0x00003728                TIMG8_IRQHandler
                0x00003728                HardFault_Handler
                0x00003728                SysTick_Handler
                0x00003728                PendSV_Handler
                0x00003728                NMI_Handler
                0x00003728                UART1_IRQHandler
                0x00003728                TIMA1_IRQHandler
                0x00003728                ADC0_IRQHandler
                0x00003728                SPI1_IRQHandler
                0x00003728                ADC1_IRQHandler
                0x00003728                GROUP1_IRQHandler
                0x00003728                GROUP0_IRQHandler
                0x00003728                UART2_IRQHandler
                0x00003728                Default_Handler
                0x00003728                SVC_Handler
                0x00003728                TIMG12_IRQHandler
                0x00003728                DAC0_IRQHandler
                0x00003728                TIMG7_IRQHandler
                0x00003728                SPI0_IRQHandler
                0x00003728                TIMA0_IRQHandler
                0x00003728                UART3_IRQHandler
                0x00003728                CANFD0_IRQHandler
 .text.SystemInit
                0x00003730        0xa CMakeFiles/mspm0_scheduler_mode.dir/cmake/startup_mspm0g3507.c.obj
                0x00003730                SystemInit
 .text._exit    0x0000373a        0xc CMakeFiles/mspm0_scheduler_mode.dir/cmake/syscalls.c.obj
                0x0000373a                _exit
 .text._close   0x00003746       0x14 CMakeFiles/mspm0_scheduler_mode.dir/cmake/syscalls.c.obj
                0x00003746                _close
 .text._fstat   0x0000375a       0x1c CMakeFiles/mspm0_scheduler_mode.dir/cmake/syscalls.c.obj
                0x0000375a                _fstat
 .text._getpid  0x00003776        0xc CMakeFiles/mspm0_scheduler_mode.dir/cmake/syscalls.c.obj
                0x00003776                _getpid
 .text._isatty  0x00003782       0x12 CMakeFiles/mspm0_scheduler_mode.dir/cmake/syscalls.c.obj
                0x00003782                _isatty
 .text._kill    0x00003794       0x20 CMakeFiles/mspm0_scheduler_mode.dir/cmake/syscalls.c.obj
                0x00003794                _kill
 .text._lseek   0x000037b4       0x16 CMakeFiles/mspm0_scheduler_mode.dir/cmake/syscalls.c.obj
                0x000037b4                _lseek
 .text._read    0x000037ca       0x16 CMakeFiles/mspm0_scheduler_mode.dir/cmake/syscalls.c.obj
                0x000037ca                _read
 .text._sbrk    0x000037e0       0x5c CMakeFiles/mspm0_scheduler_mode.dir/cmake/syscalls.c.obj
                0x000037e0                _sbrk
 .text._write   0x0000383c       0x16 CMakeFiles/mspm0_scheduler_mode.dir/cmake/syscalls.c.obj
                0x0000383c                _write
 *fill*         0x00003852        0x2 
 .text.tasknum_init
                0x00003854       0x14 CMakeFiles/mspm0_scheduler_mode.dir/code/App/Src/scheduler.c.obj
                0x00003854                tasknum_init
 .text.task_run
                0x00003868       0x98 CMakeFiles/mspm0_scheduler_mode.dir/code/App/Src/scheduler.c.obj
                0x00003868                task_run
 .text.DL_UART_isBusy
                0x00003900       0x28 CMakeFiles/mspm0_scheduler_mode.dir/code/App/Src/appuart.c.obj
 .text.UART0_IRQHandler
                0x00003928       0x54 CMakeFiles/mspm0_scheduler_mode.dir/code/App/Src/appuart.c.obj
                0x00003928                UART0_IRQHandler
 .text.uart_printf
                0x0000397c       0x84 CMakeFiles/mspm0_scheduler_mode.dir/code/App/Src/appuart.c.obj
                0x0000397c                uart_printf
 .text.uart_task
                0x00003a00       0x5c CMakeFiles/mspm0_scheduler_mode.dir/code/App/Src/appuart.c.obj
                0x00003a00                uart_task
 .text.DL_Common_delayCycles
                0x00003a5c       0x1c lib/libti_mspm0_driverlib.a(dl_common.c.obj)
                0x00003a5c                DL_Common_delayCycles
 .text.DL_Common_updateReg
                0x00003a78       0x32 lib/libti_mspm0_driverlib.a(dl_uart.c.obj)
 .text.DL_UART_disable
                0x00003aaa       0x26 lib/libti_mspm0_driverlib.a(dl_uart.c.obj)
 .text.DL_UART_init
                0x00003ad0       0x68 lib/libti_mspm0_driverlib.a(dl_uart.c.obj)
                0x00003ad0                DL_UART_init
 .text.DL_UART_setClockConfig
                0x00003b38       0x30 lib/libti_mspm0_driverlib.a(dl_uart.c.obj)
                0x00003b38                DL_UART_setClockConfig
 .text.DL_Common_updateReg
                0x00003b68       0x32 lib/libti_mspm0_driverlib.a(dl_timer.c.obj)
 *fill*         0x00003b9a        0x2 
 .text.DL_Timer_setLoadValue
                0x00003b9c       0x20 lib/libti_mspm0_driverlib.a(dl_timer.c.obj)
 .text.DL_Timer_setCounterValueAfterEnable
                0x00003bbc       0x2c lib/libti_mspm0_driverlib.a(dl_timer.c.obj)
 .text.DL_Timer_setClockConfig
                0x00003be8       0x40 lib/libti_mspm0_driverlib.a(dl_timer.c.obj)
                0x00003be8                DL_Timer_setClockConfig
 .text.DL_Timer_initTimerMode
                0x00003c28       0xa4 lib/libti_mspm0_driverlib.a(dl_timer.c.obj)
                0x00003c28                DL_Timer_initTimerMode
 .text.DL_Timer_setCaptureCompareValue
                0x00003ccc       0x38 lib/libti_mspm0_driverlib.a(dl_timer.c.obj)
                0x00003ccc                DL_Timer_setCaptureCompareValue
 .text.DL_Timer_setCaptureCompareCtl
                0x00003d04       0x4c lib/libti_mspm0_driverlib.a(dl_timer.c.obj)
                0x00003d04                DL_Timer_setCaptureCompareCtl
 .text.__aeabi_dadd
                0x00003d50      0x834 /usr/share/arm-gnu-toolchain-14.2.rel1-x86_64-arm-none-eabi/bin/../lib/gcc/arm-none-eabi/14.2.1/thumb/v6-m/nofp/libgcc.a(adddf3.o)
                0x00003d50                __aeabi_dadd
 .text.__aeabi_ddiv
                0x00004584      0x63c /usr/share/arm-gnu-toolchain-14.2.rel1-x86_64-arm-none-eabi/bin/../lib/gcc/arm-none-eabi/14.2.1/thumb/v6-m/nofp/libgcc.a(divdf3.o)
                0x00004584                __aeabi_ddiv
 .text.__eqdf2  0x00004bc0       0x8c /usr/share/arm-gnu-toolchain-14.2.rel1-x86_64-arm-none-eabi/bin/../lib/gcc/arm-none-eabi/14.2.1/thumb/v6-m/nofp/libgcc.a(eqdf2.o)
                0x00004bc0                __eqdf2
                0x00004bc0                __nedf2
 .text.__gedf2  0x00004c4c       0xe0 /usr/share/arm-gnu-toolchain-14.2.rel1-x86_64-arm-none-eabi/bin/../lib/gcc/arm-none-eabi/14.2.1/thumb/v6-m/nofp/libgcc.a(gedf2.o)
                0x00004c4c                __gtdf2
                0x00004c4c                __gedf2
 .text.__ledf2  0x00004d2c       0xdc /usr/share/arm-gnu-toolchain-14.2.rel1-x86_64-arm-none-eabi/bin/../lib/gcc/arm-none-eabi/14.2.1/thumb/v6-m/nofp/libgcc.a(ledf2.o)
                0x00004d2c                __ltdf2
                0x00004d2c                __ledf2
 .text.__aeabi_dmul
                0x00004e08      0x590 /usr/share/arm-gnu-toolchain-14.2.rel1-x86_64-arm-none-eabi/bin/../lib/gcc/arm-none-eabi/14.2.1/thumb/v6-m/nofp/libgcc.a(muldf3.o)
                0x00004e08                __aeabi_dmul
 .text.__aeabi_dsub
                0x00005398      0x870 /usr/share/arm-gnu-toolchain-14.2.rel1-x86_64-arm-none-eabi/bin/../lib/gcc/arm-none-eabi/14.2.1/thumb/v6-m/nofp/libgcc.a(subdf3.o)
                0x00005398                __aeabi_dsub
 .text.__aeabi_dcmpun
                0x00005c08       0x44 /usr/share/arm-gnu-toolchain-14.2.rel1-x86_64-arm-none-eabi/bin/../lib/gcc/arm-none-eabi/14.2.1/thumb/v6-m/nofp/libgcc.a(unorddf2.o)
                0x00005c08                __aeabi_dcmpun
 .text.__aeabi_d2iz
                0x00005c4c       0x78 /usr/share/arm-gnu-toolchain-14.2.rel1-x86_64-arm-none-eabi/bin/../lib/gcc/arm-none-eabi/14.2.1/thumb/v6-m/nofp/libgcc.a(fixdfsi.o)
                0x00005c4c                __aeabi_d2iz
 .text.__aeabi_i2d
                0x00005cc4       0x5c /usr/share/arm-gnu-toolchain-14.2.rel1-x86_64-arm-none-eabi/bin/../lib/gcc/arm-none-eabi/14.2.1/thumb/v6-m/nofp/libgcc.a(floatsidf.o)
                0x00005cc4                __aeabi_i2d
 .text.__aeabi_ui2d
                0x00005d20       0x48 /usr/share/arm-gnu-toolchain-14.2.rel1-x86_64-arm-none-eabi/bin/../lib/gcc/arm-none-eabi/14.2.1/thumb/v6-m/nofp/libgcc.a(floatunsidf.o)
                0x00005d20                __aeabi_ui2d
 .text._vsprintf_r
                0x00005d68       0x30 /usr/share/arm-gnu-toolchain-14.2.rel1-x86_64-arm-none-eabi/bin/../lib/gcc/arm-none-eabi/14.2.1/../../../../arm-none-eabi/lib/thumb/v6-m/nofp/libg_nano.a(libc_a-vsprintf.o)
                0x00005d68                _vsiprintf_r
                0x00005d68                _vsprintf_r
 .text.vsprintf
                0x00005d98       0x18 /usr/share/arm-gnu-toolchain-14.2.rel1-x86_64-arm-none-eabi/bin/../lib/gcc/arm-none-eabi/14.2.1/../../../../arm-none-eabi/lib/thumb/v6-m/nofp/libg_nano.a(libc_a-vsprintf.o)
                0x00005d98                vsprintf
                0x00005d98                vsiprintf
 .text.__errno  0x00005db0        0xc /usr/share/arm-gnu-toolchain-14.2.rel1-x86_64-arm-none-eabi/bin/../lib/gcc/arm-none-eabi/14.2.1/../../../../arm-none-eabi/lib/thumb/v6-m/nofp/libg_nano.a(libc_a-errno.o)
                0x00005db0                __errno
 .text.__ssputs_r
                0x00005dbc       0xc8 /usr/share/arm-gnu-toolchain-14.2.rel1-x86_64-arm-none-eabi/bin/../lib/gcc/arm-none-eabi/14.2.1/../../../../arm-none-eabi/lib/thumb/v6-m/nofp/libg_nano.a(libc_a-nano-svfprintf.o)
                0x00005dbc                __ssputs_r
 .text._svfprintf_r
                0x00005e84      0x208 /usr/share/arm-gnu-toolchain-14.2.rel1-x86_64-arm-none-eabi/bin/../lib/gcc/arm-none-eabi/14.2.1/../../../../arm-none-eabi/lib/thumb/v6-m/nofp/libg_nano.a(libc_a-nano-svfprintf.o)
                0x00005e84                _svfprintf_r
                0x00005e84                _svfiprintf_r
 *(.glue_7)
 .glue_7        0x0000608c        0x0 linker stubs
 *(.glue_7t)
 .glue_7t       0x0000608c        0x0 linker stubs
 *(.eh_frame)
 .eh_frame      0x0000608c        0x0 /usr/share/arm-gnu-toolchain-14.2.rel1-x86_64-arm-none-eabi/bin/../lib/gcc/arm-none-eabi/14.2.1/thumb/v6-m/nofp/crtbegin.o
 *(.init)
 .init          0x0000608c        0x4 /usr/share/arm-gnu-toolchain-14.2.rel1-x86_64-arm-none-eabi/bin/../lib/gcc/arm-none-eabi/14.2.1/thumb/v6-m/nofp/crti.o
                0x0000608c                _init
 .init          0x00006090        0x8 /usr/share/arm-gnu-toolchain-14.2.rel1-x86_64-arm-none-eabi/bin/../lib/gcc/arm-none-eabi/14.2.1/thumb/v6-m/nofp/crtn.o
 *(.fini)
 .fini          0x00006098        0x4 /usr/share/arm-gnu-toolchain-14.2.rel1-x86_64-arm-none-eabi/bin/../lib/gcc/arm-none-eabi/14.2.1/thumb/v6-m/nofp/crti.o
                0x00006098                _fini
 .fini          0x0000609c        0x8 /usr/share/arm-gnu-toolchain-14.2.rel1-x86_64-arm-none-eabi/bin/../lib/gcc/arm-none-eabi/14.2.1/thumb/v6-m/nofp/crtn.o
                0x000060a4                        . = ALIGN (0x4)
                0x000060a4                        _etext = .

.vfp11_veneer   0x000060a4        0x0
 .vfp11_veneer  0x000060a4        0x0 linker stubs

.v4_bx          0x000060a4        0x0
 .v4_bx         0x000060a4        0x0 linker stubs

.iplt           0x000060a4        0x0
 .iplt          0x000060a4        0x0 /usr/share/arm-gnu-toolchain-14.2.rel1-x86_64-arm-none-eabi/bin/../lib/gcc/arm-none-eabi/14.2.1/thumb/v6-m/nofp/crtbegin.o

.rodata         0x000060a8      0x3ec
                0x000060a8                        . = ALIGN (0x4)
 *(.rodata)
 .rodata        0x000060a8        0xc CMakeFiles/mspm0_scheduler_mode.dir/code/App/Src/appuart.c.obj
 *(.rodata*)
 .rodata._printf_float.str1.1
                0x000060b4      0x173 /usr/share/arm-gnu-toolchain-14.2.rel1-x86_64-arm-none-eabi/bin/../lib/gcc/arm-none-eabi/14.2.1/../../../../arm-none-eabi/lib/thumb/v6-m/nofp/libc_nano.a(libc_a-nano-vfprintf_float.o)
                                 0x12 (size before relaxing)
 .rodata._printf_i.str1.1
                0x00006227       0x22 /usr/share/arm-gnu-toolchain-14.2.rel1-x86_64-arm-none-eabi/bin/../lib/gcc/arm-none-eabi/14.2.1/../../../../arm-none-eabi/lib/thumb/v6-m/nofp/libc_nano.a(libc_a-nano-vfprintf_i.o)
 .rodata._dtoa_r.str1.1
                0x00006227       0x90 /usr/share/arm-gnu-toolchain-14.2.rel1-x86_64-arm-none-eabi/bin/../lib/gcc/arm-none-eabi/14.2.1/../../../../arm-none-eabi/lib/thumb/v6-m/nofp/libc_nano.a(libc_a-dtoa.o)
 .rodata._Balloc.str1.1
                0x00006227       0x71 /usr/share/arm-gnu-toolchain-14.2.rel1-x86_64-arm-none-eabi/bin/../lib/gcc/arm-none-eabi/14.2.1/../../../../arm-none-eabi/lib/thumb/v6-m/nofp/libc_nano.a(libc_a-mprec.o)
 .rodata.__multadd.str1.1
                0x00006227       0x11 /usr/share/arm-gnu-toolchain-14.2.rel1-x86_64-arm-none-eabi/bin/../lib/gcc/arm-none-eabi/14.2.1/../../../../arm-none-eabi/lib/thumb/v6-m/nofp/libc_nano.a(libc_a-mprec.o)
 *fill*         0x00006227        0x1 
 .rodata.p05.0  0x00006228        0xc /usr/share/arm-gnu-toolchain-14.2.rel1-x86_64-arm-none-eabi/bin/../lib/gcc/arm-none-eabi/14.2.1/../../../../arm-none-eabi/lib/thumb/v6-m/nofp/libc_nano.a(libc_a-mprec.o)
 *fill*         0x00006234        0x4 
 .rodata.__mprec_bigtens
                0x00006238       0x28 /usr/share/arm-gnu-toolchain-14.2.rel1-x86_64-arm-none-eabi/bin/../lib/gcc/arm-none-eabi/14.2.1/../../../../arm-none-eabi/lib/thumb/v6-m/nofp/libc_nano.a(libc_a-mprec.o)
                0x00006238                __mprec_bigtens
 .rodata.__mprec_tens
                0x00006260       0xc8 /usr/share/arm-gnu-toolchain-14.2.rel1-x86_64-arm-none-eabi/bin/../lib/gcc/arm-none-eabi/14.2.1/../../../../arm-none-eabi/lib/thumb/v6-m/nofp/libc_nano.a(libc_a-mprec.o)
                0x00006260                __mprec_tens
 .rodata._setlocale_r.str1.1
                0x00006328        0x9 /usr/share/arm-gnu-toolchain-14.2.rel1-x86_64-arm-none-eabi/bin/../lib/gcc/arm-none-eabi/14.2.1/../../../../arm-none-eabi/lib/thumb/v6-m/nofp/libc_nano.a(libc_a-locale.o)
 .rodata.str1.1
                0x00006328        0x2 /usr/share/arm-gnu-toolchain-14.2.rel1-x86_64-arm-none-eabi/bin/../lib/gcc/arm-none-eabi/14.2.1/../../../../arm-none-eabi/lib/thumb/v6-m/nofp/libc_nano.a(libc_a-locale.o)
 .rodata.__assert_func.str1.1
                0x00006328       0x3d /usr/share/arm-gnu-toolchain-14.2.rel1-x86_64-arm-none-eabi/bin/../lib/gcc/arm-none-eabi/14.2.1/../../../../arm-none-eabi/lib/thumb/v6-m/nofp/libc_nano.a(libc_a-assert.o)
 .rodata._ctype_
                0x00006328      0x101 /usr/share/arm-gnu-toolchain-14.2.rel1-x86_64-arm-none-eabi/bin/../lib/gcc/arm-none-eabi/14.2.1/../../../../arm-none-eabi/lib/thumb/v6-m/nofp/libc_nano.a(libc_a-ctype_.o)
                0x00006328                _ctype_
 .rodata._vfprintf_r.str1.1
                0x00006429       0x11 /usr/share/arm-gnu-toolchain-14.2.rel1-x86_64-arm-none-eabi/bin/../lib/gcc/arm-none-eabi/14.2.1/../../../../arm-none-eabi/lib/thumb/v6-m/nofp/libc_nano.a(libc_a-nano-vfprintf.o)
 *fill*         0x00006429        0x3 
 .rodata.gTIMER_0ClockConfig
                0x0000642c        0x3 CMakeFiles/mspm0_scheduler_mode.dir/code/User/Src/hardware_init.c.obj
 *fill*         0x0000642f        0x1 
 .rodata.gTIMER_0TimerConfig
                0x00006430       0x14 CMakeFiles/mspm0_scheduler_mode.dir/code/User/Src/hardware_init.c.obj
 .rodata.gUART_0ClockConfig
                0x00006444        0x2 CMakeFiles/mspm0_scheduler_mode.dir/code/User/Src/hardware_init.c.obj
 *fill*         0x00006446        0x2 
 .rodata.gUART_0Config
                0x00006448        0xa CMakeFiles/mspm0_scheduler_mode.dir/code/User/Src/hardware_init.c.obj
 *fill*         0x00006452        0x2 
 .rodata.__aeabi_ddiv
                0x00006454       0x40 /usr/share/arm-gnu-toolchain-14.2.rel1-x86_64-arm-none-eabi/bin/../lib/gcc/arm-none-eabi/14.2.1/thumb/v6-m/nofp/libgcc.a(divdf3.o)
 .rodata._svfprintf_r.str1.1
                0x00006494       0x11 /usr/share/arm-gnu-toolchain-14.2.rel1-x86_64-arm-none-eabi/bin/../lib/gcc/arm-none-eabi/14.2.1/../../../../arm-none-eabi/lib/thumb/v6-m/nofp/libg_nano.a(libc_a-nano-svfprintf.o)
                0x000064a8                        . = ALIGN (0x4)

.rel.dyn        0x00006494        0x0
 .rel.iplt      0x00006494        0x0 /usr/share/arm-gnu-toolchain-14.2.rel1-x86_64-arm-none-eabi/bin/../lib/gcc/arm-none-eabi/14.2.1/thumb/v6-m/nofp/crtbegin.o

.ARM.extab
 *(.ARM.extab* .gnu.linkonce.armextab.*)

.ARM            0x00006494        0x0
                0x00006494                        __exidx_start = .
 *(.ARM.exidx*)
                0x00006494                        __exidx_end = .

.preinit_array  0x00006494        0x0
                0x00006494                        PROVIDE (__preinit_array_start = .)
 *(.preinit_array*)
                0x00006494                        PROVIDE (__preinit_array_end = .)

.init_array     0x00006494        0x4
                0x00006494                        PROVIDE (__init_array_start = .)
 *(SORT_BY_NAME(.init_array.*))
 *(.init_array*)
 .init_array    0x00006494        0x4 /usr/share/arm-gnu-toolchain-14.2.rel1-x86_64-arm-none-eabi/bin/../lib/gcc/arm-none-eabi/14.2.1/thumb/v6-m/nofp/crtbegin.o
                0x00006498                        PROVIDE (__init_array_end = .)

.fini_array     0x00006498        0x4
                [!provide]                        PROVIDE (__fini_array_start = .)
 *(SORT_BY_NAME(.fini_array.*))
 *(.fini_array*)
 .fini_array    0x00006498        0x4 /usr/share/arm-gnu-toolchain-14.2.rel1-x86_64-arm-none-eabi/bin/../lib/gcc/arm-none-eabi/14.2.1/thumb/v6-m/nofp/crtbegin.o
                [!provide]                        PROVIDE (__fini_array_end = .)
                0x0000649c                        _sidata = LOADADDR (.data)

.data           0x20000000      0x1d4 load address 0x0000649c
                0x20000000                        . = ALIGN (0x4)
                0x20000000                        _sdata = .
 *(.data)
 *(.data*)
 .data.__sglue  0x20000000        0xc /usr/share/arm-gnu-toolchain-14.2.rel1-x86_64-arm-none-eabi/bin/../lib/gcc/arm-none-eabi/14.2.1/../../../../arm-none-eabi/lib/thumb/v6-m/nofp/libc_nano.a(libc_a-findfp.o)
                0x20000000                __sglue
 .data._impure_ptr
                0x2000000c        0x4 /usr/share/arm-gnu-toolchain-14.2.rel1-x86_64-arm-none-eabi/bin/../lib/gcc/arm-none-eabi/14.2.1/../../../../arm-none-eabi/lib/thumb/v6-m/nofp/libc_nano.a(libc_a-impure.o)
                0x2000000c                _impure_ptr
 .data._impure_data
                0x20000010       0x4c /usr/share/arm-gnu-toolchain-14.2.rel1-x86_64-arm-none-eabi/bin/../lib/gcc/arm-none-eabi/14.2.1/../../../../arm-none-eabi/lib/thumb/v6-m/nofp/libc_nano.a(libc_a-impure.o)
                0x20000010                _impure_data
 .data.__global_locale
                0x2000005c      0x16c /usr/share/arm-gnu-toolchain-14.2.rel1-x86_64-arm-none-eabi/bin/../lib/gcc/arm-none-eabi/14.2.1/../../../../arm-none-eabi/lib/thumb/v6-m/nofp/libc_nano.a(libc_a-locale.o)
                0x2000005c                __global_locale
 .data.task_list
                0x200001c8        0xc CMakeFiles/mspm0_scheduler_mode.dir/code/App/Src/scheduler.c.obj
                0x200001c8                task_list
                0x200001d4                        . = ALIGN (0x4)
                0x200001d4                        _edata = .

.tm_clone_table
                0x200001d4        0x0 load address 0x00006670
 .tm_clone_table
                0x200001d4        0x0 /usr/share/arm-gnu-toolchain-14.2.rel1-x86_64-arm-none-eabi/bin/../lib/gcc/arm-none-eabi/14.2.1/thumb/v6-m/nofp/crtbegin.o
 .tm_clone_table
                0x200001d4        0x0 /usr/share/arm-gnu-toolchain-14.2.rel1-x86_64-arm-none-eabi/bin/../lib/gcc/arm-none-eabi/14.2.1/thumb/v6-m/nofp/crtend.o

.igot.plt       0x200001d4        0x0 load address 0x00006670
 .igot.plt      0x200001d4        0x0 /usr/share/arm-gnu-toolchain-14.2.rel1-x86_64-arm-none-eabi/bin/../lib/gcc/arm-none-eabi/14.2.1/thumb/v6-m/nofp/crtbegin.o

.bss            0x200001d4      0x1fc load address 0x00006670
                0x200001d4                        . = ALIGN (0x4)
                0x200001d4                        _sbss = .
                0x200001d4                        __bss_start__ = _sbss
 *(.bss)
 *(.bss*)
 .bss.completed.1
                0x200001d4        0x1 /usr/share/arm-gnu-toolchain-14.2.rel1-x86_64-arm-none-eabi/bin/../lib/gcc/arm-none-eabi/14.2.1/thumb/v6-m/nofp/crtbegin.o
 *fill*         0x200001d5        0x3 
 .bss.object.0  0x200001d8       0x18 /usr/share/arm-gnu-toolchain-14.2.rel1-x86_64-arm-none-eabi/bin/../lib/gcc/arm-none-eabi/14.2.1/thumb/v6-m/nofp/crtbegin.o
 .bss.__sf      0x200001f0      0x138 /usr/share/arm-gnu-toolchain-14.2.rel1-x86_64-arm-none-eabi/bin/../lib/gcc/arm-none-eabi/14.2.1/../../../../arm-none-eabi/lib/thumb/v6-m/nofp/libc_nano.a(libc_a-findfp.o)
                0x200001f0                __sf
 .bss.__stdio_exit_handler
                0x20000328        0x4 /usr/share/arm-gnu-toolchain-14.2.rel1-x86_64-arm-none-eabi/bin/../lib/gcc/arm-none-eabi/14.2.1/../../../../arm-none-eabi/lib/thumb/v6-m/nofp/libc_nano.a(libc_a-findfp.o)
                0x20000328                __stdio_exit_handler
 .bss.errno     0x2000032c        0x4 /usr/share/arm-gnu-toolchain-14.2.rel1-x86_64-arm-none-eabi/bin/../lib/gcc/arm-none-eabi/14.2.1/../../../../arm-none-eabi/lib/thumb/v6-m/nofp/libc_nano.a(libc_a-reent.o)
                0x2000032c                errno
 .bss.__lock___malloc_recursive_mutex
                0x20000330        0x1 /usr/share/arm-gnu-toolchain-14.2.rel1-x86_64-arm-none-eabi/bin/../lib/gcc/arm-none-eabi/14.2.1/../../../../arm-none-eabi/lib/thumb/v6-m/nofp/libc_nano.a(libc_a-lock.o)
                0x20000330                __lock___malloc_recursive_mutex
 .bss.__lock___sfp_recursive_mutex
                0x20000331        0x1 /usr/share/arm-gnu-toolchain-14.2.rel1-x86_64-arm-none-eabi/bin/../lib/gcc/arm-none-eabi/14.2.1/../../../../arm-none-eabi/lib/thumb/v6-m/nofp/libc_nano.a(libc_a-lock.o)
                0x20000331                __lock___sfp_recursive_mutex
 *fill*         0x20000332        0x2 
 .bss.__malloc_sbrk_start
                0x20000334        0x4 /usr/share/arm-gnu-toolchain-14.2.rel1-x86_64-arm-none-eabi/bin/../lib/gcc/arm-none-eabi/14.2.1/../../../../arm-none-eabi/lib/thumb/v6-m/nofp/libc_nano.a(libc_a-mallocr.o)
                0x20000334                __malloc_sbrk_start
 .bss.__malloc_free_list
                0x20000338        0x4 /usr/share/arm-gnu-toolchain-14.2.rel1-x86_64-arm-none-eabi/bin/../lib/gcc/arm-none-eabi/14.2.1/../../../../arm-none-eabi/lib/thumb/v6-m/nofp/libc_nano.a(libc_a-mallocr.o)
                0x20000338                __malloc_free_list
 .bss.heap_end.0
                0x2000033c        0x4 CMakeFiles/mspm0_scheduler_mode.dir/cmake/syscalls.c.obj
 .bss.uwTick    0x20000340        0x4 CMakeFiles/mspm0_scheduler_mode.dir/code/App/Src/scheduler.c.obj
                0x20000340                uwTick
 .bss.task_num  0x20000344        0x1 CMakeFiles/mspm0_scheduler_mode.dir/code/App/Src/scheduler.c.obj
                0x20000344                task_num
 *fill*         0x20000345        0x3 
 .bss.uart_rx_buffer
                0x20000348       0x80 CMakeFiles/mspm0_scheduler_mode.dir/code/App/Src/appuart.c.obj
                0x20000348                uart_rx_buffer
 .bss.uart_rx_index
                0x200003c8        0x1 CMakeFiles/mspm0_scheduler_mode.dir/code/App/Src/appuart.c.obj
                0x200003c8                uart_rx_index
 *fill*         0x200003c9        0x3 
 .bss.uart_rx_tick
                0x200003cc        0x4 CMakeFiles/mspm0_scheduler_mode.dir/code/App/Src/appuart.c.obj
                0x200003cc                uart_rx_tick
 *(COMMON)
                0x200003d0                        . = ALIGN (0x4)
                0x200003d0                        _ebss = .
                0x200003d0                        __bss_end__ = _ebss

._user_heap_stack
                0x200003d0     0x2000 load address 0x00006670
                0x200003d0                        . = ALIGN (0x8)
                0x200003d0                        PROVIDE (end = .)
                [!provide]                        PROVIDE (_end = .)
                0x200013d0                        . = (. + _heap_size)
 *fill*         0x200003d0     0x1000 
                0x200023d0                        . = (. + _stack_size)
 *fill*         0x200013d0     0x1000 
                0x200023d0                        . = ALIGN (0x8)
                0x200023d0                        _sstack = .

/DISCARD/
 libc.a(*)
 libm.a(*)
 libgcc.a(*)

.ARM.attributes
                0x00000000       0x28
 *(.ARM.attributes)
 .ARM.attributes
                0x00000000       0x1e /usr/share/arm-gnu-toolchain-14.2.rel1-x86_64-arm-none-eabi/bin/../lib/gcc/arm-none-eabi/14.2.1/thumb/v6-m/nofp/crti.o
 .ARM.attributes
                0x0000001e       0x2c /usr/share/arm-gnu-toolchain-14.2.rel1-x86_64-arm-none-eabi/bin/../lib/gcc/arm-none-eabi/14.2.1/thumb/v6-m/nofp/crtbegin.o
 .ARM.attributes
                0x0000004a       0x2c /usr/share/arm-gnu-toolchain-14.2.rel1-x86_64-arm-none-eabi/bin/../lib/gcc/arm-none-eabi/14.2.1/../../../../arm-none-eabi/lib/thumb/v6-m/nofp/libc_nano.a(libc_a-nano-vfprintf_float.o)
 .ARM.attributes
                0x00000076       0x2c /usr/share/arm-gnu-toolchain-14.2.rel1-x86_64-arm-none-eabi/bin/../lib/gcc/arm-none-eabi/14.2.1/../../../../arm-none-eabi/lib/thumb/v6-m/nofp/libc_nano.a(libc_a-nano-vfprintf_i.o)
 .ARM.attributes
                0x000000a2       0x2c /usr/share/arm-gnu-toolchain-14.2.rel1-x86_64-arm-none-eabi/bin/../lib/gcc/arm-none-eabi/14.2.1/../../../../arm-none-eabi/lib/thumb/v6-m/nofp/libc_nano.a(libc_a-findfp.o)
 .ARM.attributes
                0x000000ce       0x2c /usr/share/arm-gnu-toolchain-14.2.rel1-x86_64-arm-none-eabi/bin/../lib/gcc/arm-none-eabi/14.2.1/../../../../arm-none-eabi/lib/thumb/v6-m/nofp/libc_nano.a(libc_a-fwalk.o)
 .ARM.attributes
                0x000000fa       0x2c /usr/share/arm-gnu-toolchain-14.2.rel1-x86_64-arm-none-eabi/bin/../lib/gcc/arm-none-eabi/14.2.1/../../../../arm-none-eabi/lib/thumb/v6-m/nofp/libc_nano.a(libc_a-stdio.o)
 .ARM.attributes
                0x00000126       0x2c /usr/share/arm-gnu-toolchain-14.2.rel1-x86_64-arm-none-eabi/bin/../lib/gcc/arm-none-eabi/14.2.1/../../../../arm-none-eabi/lib/thumb/v6-m/nofp/libc_nano.a(libc_a-memset.o)
 .ARM.attributes
                0x00000152       0x2c /usr/share/arm-gnu-toolchain-14.2.rel1-x86_64-arm-none-eabi/bin/../lib/gcc/arm-none-eabi/14.2.1/../../../../arm-none-eabi/lib/thumb/v6-m/nofp/libc_nano.a(libc_a-localeconv.o)
 .ARM.attributes
                0x0000017e       0x2c /usr/share/arm-gnu-toolchain-14.2.rel1-x86_64-arm-none-eabi/bin/../lib/gcc/arm-none-eabi/14.2.1/../../../../arm-none-eabi/lib/thumb/v6-m/nofp/libc_nano.a(libc_a-closer.o)
 .ARM.attributes
                0x000001aa       0x2c /usr/share/arm-gnu-toolchain-14.2.rel1-x86_64-arm-none-eabi/bin/../lib/gcc/arm-none-eabi/14.2.1/../../../../arm-none-eabi/lib/thumb/v6-m/nofp/libc_nano.a(libc_a-reent.o)
 .ARM.attributes
                0x000001d6       0x2c /usr/share/arm-gnu-toolchain-14.2.rel1-x86_64-arm-none-eabi/bin/../lib/gcc/arm-none-eabi/14.2.1/../../../../arm-none-eabi/lib/thumb/v6-m/nofp/libc_nano.a(libc_a-impure.o)
 .ARM.attributes
                0x00000202       0x2c /usr/share/arm-gnu-toolchain-14.2.rel1-x86_64-arm-none-eabi/bin/../lib/gcc/arm-none-eabi/14.2.1/../../../../arm-none-eabi/lib/thumb/v6-m/nofp/libc_nano.a(libc_a-lseekr.o)
 .ARM.attributes
                0x0000022e       0x2c /usr/share/arm-gnu-toolchain-14.2.rel1-x86_64-arm-none-eabi/bin/../lib/gcc/arm-none-eabi/14.2.1/../../../../arm-none-eabi/lib/thumb/v6-m/nofp/libc_nano.a(libc_a-readr.o)
 .ARM.attributes
                0x0000025a       0x2c /usr/share/arm-gnu-toolchain-14.2.rel1-x86_64-arm-none-eabi/bin/../lib/gcc/arm-none-eabi/14.2.1/../../../../arm-none-eabi/lib/thumb/v6-m/nofp/libc_nano.a(libc_a-writer.o)
 .ARM.attributes
                0x00000286       0x2c /usr/share/arm-gnu-toolchain-14.2.rel1-x86_64-arm-none-eabi/bin/../lib/gcc/arm-none-eabi/14.2.1/../../../../arm-none-eabi/lib/thumb/v6-m/nofp/libc_nano.a(libc_a-lock.o)
 .ARM.attributes
                0x000002b2       0x2c /usr/share/arm-gnu-toolchain-14.2.rel1-x86_64-arm-none-eabi/bin/../lib/gcc/arm-none-eabi/14.2.1/../../../../arm-none-eabi/lib/thumb/v6-m/nofp/libc_nano.a(libc_a-memchr-stub.o)
 .ARM.attributes
                0x000002de       0x1c /usr/share/arm-gnu-toolchain-14.2.rel1-x86_64-arm-none-eabi/bin/../lib/gcc/arm-none-eabi/14.2.1/../../../../arm-none-eabi/lib/thumb/v6-m/nofp/libc_nano.a(libc_a-strlen.o)
 .ARM.attributes
                0x000002fa       0x2c /usr/share/arm-gnu-toolchain-14.2.rel1-x86_64-arm-none-eabi/bin/../lib/gcc/arm-none-eabi/14.2.1/../../../../arm-none-eabi/lib/thumb/v6-m/nofp/libc_nano.a(libc_a-dtoa.o)
 .ARM.attributes
                0x00000326       0x2c /usr/share/arm-gnu-toolchain-14.2.rel1-x86_64-arm-none-eabi/bin/../lib/gcc/arm-none-eabi/14.2.1/../../../../arm-none-eabi/lib/thumb/v6-m/nofp/libc_nano.a(libc_a-freer.o)
 .ARM.attributes
                0x00000352       0x2c /usr/share/arm-gnu-toolchain-14.2.rel1-x86_64-arm-none-eabi/bin/../lib/gcc/arm-none-eabi/14.2.1/../../../../arm-none-eabi/lib/thumb/v6-m/nofp/libc_nano.a(libc_a-malloc.o)
 .ARM.attributes
                0x0000037e       0x2c /usr/share/arm-gnu-toolchain-14.2.rel1-x86_64-arm-none-eabi/bin/../lib/gcc/arm-none-eabi/14.2.1/../../../../arm-none-eabi/lib/thumb/v6-m/nofp/libc_nano.a(libc_a-mallocr.o)
 .ARM.attributes
                0x000003aa       0x2c /usr/share/arm-gnu-toolchain-14.2.rel1-x86_64-arm-none-eabi/bin/../lib/gcc/arm-none-eabi/14.2.1/../../../../arm-none-eabi/lib/thumb/v6-m/nofp/libc_nano.a(libc_a-mlock.o)
 .ARM.attributes
                0x000003d6       0x2c /usr/share/arm-gnu-toolchain-14.2.rel1-x86_64-arm-none-eabi/bin/../lib/gcc/arm-none-eabi/14.2.1/../../../../arm-none-eabi/lib/thumb/v6-m/nofp/libc_nano.a(libc_a-mprec.o)
 .ARM.attributes
                0x00000402       0x2c /usr/share/arm-gnu-toolchain-14.2.rel1-x86_64-arm-none-eabi/bin/../lib/gcc/arm-none-eabi/14.2.1/../../../../arm-none-eabi/lib/thumb/v6-m/nofp/libc_nano.a(libc_a-fflush.o)
 .ARM.attributes
                0x0000042e       0x2c /usr/share/arm-gnu-toolchain-14.2.rel1-x86_64-arm-none-eabi/bin/../lib/gcc/arm-none-eabi/14.2.1/../../../../arm-none-eabi/lib/thumb/v6-m/nofp/libc_nano.a(libc_a-locale.o)
 .ARM.attributes
                0x0000045a       0x2c /usr/share/arm-gnu-toolchain-14.2.rel1-x86_64-arm-none-eabi/bin/../lib/gcc/arm-none-eabi/14.2.1/../../../../arm-none-eabi/lib/thumb/v6-m/nofp/libc_nano.a(libc_a-sbrkr.o)
 .ARM.attributes
                0x00000486       0x2c /usr/share/arm-gnu-toolchain-14.2.rel1-x86_64-arm-none-eabi/bin/../lib/gcc/arm-none-eabi/14.2.1/../../../../arm-none-eabi/lib/thumb/v6-m/nofp/libc_nano.a(libc_a-memcpy-stub.o)
 .ARM.attributes
                0x000004b2       0x2c /usr/share/arm-gnu-toolchain-14.2.rel1-x86_64-arm-none-eabi/bin/../lib/gcc/arm-none-eabi/14.2.1/../../../../arm-none-eabi/lib/thumb/v6-m/nofp/libc_nano.a(libc_a-assert.o)
 .ARM.attributes
                0x000004de       0x2c /usr/share/arm-gnu-toolchain-14.2.rel1-x86_64-arm-none-eabi/bin/../lib/gcc/arm-none-eabi/14.2.1/../../../../arm-none-eabi/lib/thumb/v6-m/nofp/libc_nano.a(libc_a-callocr.o)
 .ARM.attributes
                0x0000050a       0x2c /usr/share/arm-gnu-toolchain-14.2.rel1-x86_64-arm-none-eabi/bin/../lib/gcc/arm-none-eabi/14.2.1/../../../../arm-none-eabi/lib/thumb/v6-m/nofp/libc_nano.a(libc_a-mbtowc_r.o)
 .ARM.attributes
                0x00000536       0x2c /usr/share/arm-gnu-toolchain-14.2.rel1-x86_64-arm-none-eabi/bin/../lib/gcc/arm-none-eabi/14.2.1/../../../../arm-none-eabi/lib/thumb/v6-m/nofp/libc_nano.a(libc_a-wctomb_r.o)
 .ARM.attributes
                0x00000562       0x2c /usr/share/arm-gnu-toolchain-14.2.rel1-x86_64-arm-none-eabi/bin/../lib/gcc/arm-none-eabi/14.2.1/../../../../arm-none-eabi/lib/thumb/v6-m/nofp/libc_nano.a(libc_a-ctype_.o)
 .ARM.attributes
                0x0000058e       0x2c /usr/share/arm-gnu-toolchain-14.2.rel1-x86_64-arm-none-eabi/bin/../lib/gcc/arm-none-eabi/14.2.1/../../../../arm-none-eabi/lib/thumb/v6-m/nofp/libc_nano.a(libc_a-fprintf.o)
 .ARM.attributes
                0x000005ba       0x2c /usr/share/arm-gnu-toolchain-14.2.rel1-x86_64-arm-none-eabi/bin/../lib/gcc/arm-none-eabi/14.2.1/../../../../arm-none-eabi/lib/thumb/v6-m/nofp/libc_nano.a(libc_a-abort.o)
 .ARM.attributes
                0x000005e6       0x2c /usr/share/arm-gnu-toolchain-14.2.rel1-x86_64-arm-none-eabi/bin/../lib/gcc/arm-none-eabi/14.2.1/../../../../arm-none-eabi/lib/thumb/v6-m/nofp/libc_nano.a(libc_a-nano-vfprintf.o)
 .ARM.attributes
                0x00000612       0x2c /usr/share/arm-gnu-toolchain-14.2.rel1-x86_64-arm-none-eabi/bin/../lib/gcc/arm-none-eabi/14.2.1/../../../../arm-none-eabi/lib/thumb/v6-m/nofp/libc_nano.a(libc_a-wbuf.o)
 .ARM.attributes
                0x0000063e       0x2c /usr/share/arm-gnu-toolchain-14.2.rel1-x86_64-arm-none-eabi/bin/../lib/gcc/arm-none-eabi/14.2.1/../../../../arm-none-eabi/lib/thumb/v6-m/nofp/libc_nano.a(libc_a-wsetup.o)
 .ARM.attributes
                0x0000066a       0x2c /usr/share/arm-gnu-toolchain-14.2.rel1-x86_64-arm-none-eabi/bin/../lib/gcc/arm-none-eabi/14.2.1/../../../../arm-none-eabi/lib/thumb/v6-m/nofp/libc_nano.a(libc_a-memmove.o)
 .ARM.attributes
                0x00000696       0x2c /usr/share/arm-gnu-toolchain-14.2.rel1-x86_64-arm-none-eabi/bin/../lib/gcc/arm-none-eabi/14.2.1/../../../../arm-none-eabi/lib/thumb/v6-m/nofp/libc_nano.a(libc_a-signal.o)
 .ARM.attributes
                0x000006c2       0x2c /usr/share/arm-gnu-toolchain-14.2.rel1-x86_64-arm-none-eabi/bin/../lib/gcc/arm-none-eabi/14.2.1/../../../../arm-none-eabi/lib/thumb/v6-m/nofp/libc_nano.a(libc_a-signalr.o)
 .ARM.attributes
                0x000006ee       0x2c /usr/share/arm-gnu-toolchain-14.2.rel1-x86_64-arm-none-eabi/bin/../lib/gcc/arm-none-eabi/14.2.1/../../../../arm-none-eabi/lib/thumb/v6-m/nofp/libc_nano.a(libc_a-reallocr.o)
 .ARM.attributes
                0x0000071a       0x2c /usr/share/arm-gnu-toolchain-14.2.rel1-x86_64-arm-none-eabi/bin/../lib/gcc/arm-none-eabi/14.2.1/../../../../arm-none-eabi/lib/thumb/v6-m/nofp/libc_nano.a(libc_a-makebuf.o)
 .ARM.attributes
                0x00000746       0x2c /usr/share/arm-gnu-toolchain-14.2.rel1-x86_64-arm-none-eabi/bin/../lib/gcc/arm-none-eabi/14.2.1/../../../../arm-none-eabi/lib/thumb/v6-m/nofp/libc_nano.a(libc_a-fstatr.o)
 .ARM.attributes
                0x00000772       0x2c /usr/share/arm-gnu-toolchain-14.2.rel1-x86_64-arm-none-eabi/bin/../lib/gcc/arm-none-eabi/14.2.1/../../../../arm-none-eabi/lib/thumb/v6-m/nofp/libc_nano.a(libc_a-isattyr.o)
 .ARM.attributes
                0x0000079e       0x2c /usr/share/arm-gnu-toolchain-14.2.rel1-x86_64-arm-none-eabi/bin/../lib/gcc/arm-none-eabi/14.2.1/../../../../arm-none-eabi/lib/thumb/v6-m/nofp/libc_nano.a(libc_a-msizer.o)
 .ARM.attributes
                0x000007ca       0x2c CMakeFiles/mspm0_scheduler_mode.dir/code/User/Src/main.c.obj
 .ARM.attributes
                0x000007f6       0x2c CMakeFiles/mspm0_scheduler_mode.dir/code/User/Src/hardware_init.c.obj
 .ARM.attributes
                0x00000822       0x2c CMakeFiles/mspm0_scheduler_mode.dir/code/User/Src/mspm0g3507_it.c.obj
 .ARM.attributes
                0x0000084e       0x2c CMakeFiles/mspm0_scheduler_mode.dir/cmake/startup_mspm0g3507.c.obj
 .ARM.attributes
                0x0000087a       0x2c CMakeFiles/mspm0_scheduler_mode.dir/cmake/syscalls.c.obj
 .ARM.attributes
                0x000008a6       0x2c CMakeFiles/mspm0_scheduler_mode.dir/code/App/Src/scheduler.c.obj
 .ARM.attributes
                0x000008d2       0x2c CMakeFiles/mspm0_scheduler_mode.dir/code/App/Src/appuart.c.obj
 .ARM.attributes
                0x000008fe       0x2c lib/libti_mspm0_driverlib.a(dl_common.c.obj)
 .ARM.attributes
                0x0000092a       0x2c lib/libti_mspm0_driverlib.a(dl_uart.c.obj)
 .ARM.attributes
                0x00000956       0x2c lib/libti_mspm0_driverlib.a(dl_timer.c.obj)
 .ARM.attributes
                0x00000982       0x1e /usr/share/arm-gnu-toolchain-14.2.rel1-x86_64-arm-none-eabi/bin/../lib/gcc/arm-none-eabi/14.2.1/thumb/v6-m/nofp/libgcc.a(_thumb1_case_uqi.o)
 .ARM.attributes
                0x000009a0       0x1e /usr/share/arm-gnu-toolchain-14.2.rel1-x86_64-arm-none-eabi/bin/../lib/gcc/arm-none-eabi/14.2.1/thumb/v6-m/nofp/libgcc.a(_thumb1_case_shi.o)
 .ARM.attributes
                0x000009be       0x1e /usr/share/arm-gnu-toolchain-14.2.rel1-x86_64-arm-none-eabi/bin/../lib/gcc/arm-none-eabi/14.2.1/thumb/v6-m/nofp/libgcc.a(_udivsi3.o)
 .ARM.attributes
                0x000009dc       0x1e /usr/share/arm-gnu-toolchain-14.2.rel1-x86_64-arm-none-eabi/bin/../lib/gcc/arm-none-eabi/14.2.1/thumb/v6-m/nofp/libgcc.a(_divsi3.o)
 .ARM.attributes
                0x000009fa       0x1e /usr/share/arm-gnu-toolchain-14.2.rel1-x86_64-arm-none-eabi/bin/../lib/gcc/arm-none-eabi/14.2.1/thumb/v6-m/nofp/libgcc.a(_dvmd_tls.o)
 .ARM.attributes
                0x00000a18       0x1e /usr/share/arm-gnu-toolchain-14.2.rel1-x86_64-arm-none-eabi/bin/../lib/gcc/arm-none-eabi/14.2.1/thumb/v6-m/nofp/libgcc.a(_arm_cmpdf2.o)
 .ARM.attributes
                0x00000a36       0x2c /usr/share/arm-gnu-toolchain-14.2.rel1-x86_64-arm-none-eabi/bin/../lib/gcc/arm-none-eabi/14.2.1/thumb/v6-m/nofp/libgcc.a(adddf3.o)
 .ARM.attributes
                0x00000a62       0x2c /usr/share/arm-gnu-toolchain-14.2.rel1-x86_64-arm-none-eabi/bin/../lib/gcc/arm-none-eabi/14.2.1/thumb/v6-m/nofp/libgcc.a(divdf3.o)
 .ARM.attributes
                0x00000a8e       0x2c /usr/share/arm-gnu-toolchain-14.2.rel1-x86_64-arm-none-eabi/bin/../lib/gcc/arm-none-eabi/14.2.1/thumb/v6-m/nofp/libgcc.a(eqdf2.o)
 .ARM.attributes
                0x00000aba       0x2c /usr/share/arm-gnu-toolchain-14.2.rel1-x86_64-arm-none-eabi/bin/../lib/gcc/arm-none-eabi/14.2.1/thumb/v6-m/nofp/libgcc.a(gedf2.o)
 .ARM.attributes
                0x00000ae6       0x2c /usr/share/arm-gnu-toolchain-14.2.rel1-x86_64-arm-none-eabi/bin/../lib/gcc/arm-none-eabi/14.2.1/thumb/v6-m/nofp/libgcc.a(ledf2.o)
 .ARM.attributes
                0x00000b12       0x2c /usr/share/arm-gnu-toolchain-14.2.rel1-x86_64-arm-none-eabi/bin/../lib/gcc/arm-none-eabi/14.2.1/thumb/v6-m/nofp/libgcc.a(muldf3.o)
 .ARM.attributes
                0x00000b3e       0x2c /usr/share/arm-gnu-toolchain-14.2.rel1-x86_64-arm-none-eabi/bin/../lib/gcc/arm-none-eabi/14.2.1/thumb/v6-m/nofp/libgcc.a(subdf3.o)
 .ARM.attributes
                0x00000b6a       0x2c /usr/share/arm-gnu-toolchain-14.2.rel1-x86_64-arm-none-eabi/bin/../lib/gcc/arm-none-eabi/14.2.1/thumb/v6-m/nofp/libgcc.a(unorddf2.o)
 .ARM.attributes
                0x00000b96       0x2c /usr/share/arm-gnu-toolchain-14.2.rel1-x86_64-arm-none-eabi/bin/../lib/gcc/arm-none-eabi/14.2.1/thumb/v6-m/nofp/libgcc.a(fixdfsi.o)
 .ARM.attributes
                0x00000bc2       0x2c /usr/share/arm-gnu-toolchain-14.2.rel1-x86_64-arm-none-eabi/bin/../lib/gcc/arm-none-eabi/14.2.1/thumb/v6-m/nofp/libgcc.a(floatsidf.o)
 .ARM.attributes
                0x00000bee       0x2c /usr/share/arm-gnu-toolchain-14.2.rel1-x86_64-arm-none-eabi/bin/../lib/gcc/arm-none-eabi/14.2.1/thumb/v6-m/nofp/libgcc.a(floatunsidf.o)
 .ARM.attributes
                0x00000c1a       0x1e /usr/share/arm-gnu-toolchain-14.2.rel1-x86_64-arm-none-eabi/bin/../lib/gcc/arm-none-eabi/14.2.1/thumb/v6-m/nofp/libgcc.a(_clzsi2.o)
 .ARM.attributes
                0x00000c38       0x2c /usr/share/arm-gnu-toolchain-14.2.rel1-x86_64-arm-none-eabi/bin/../lib/gcc/arm-none-eabi/14.2.1/../../../../arm-none-eabi/lib/thumb/v6-m/nofp/libg_nano.a(libc_a-vsprintf.o)
 .ARM.attributes
                0x00000c64       0x2c /usr/share/arm-gnu-toolchain-14.2.rel1-x86_64-arm-none-eabi/bin/../lib/gcc/arm-none-eabi/14.2.1/../../../../arm-none-eabi/lib/thumb/v6-m/nofp/libg_nano.a(libc_a-errno.o)
 .ARM.attributes
                0x00000c90       0x2c /usr/share/arm-gnu-toolchain-14.2.rel1-x86_64-arm-none-eabi/bin/../lib/gcc/arm-none-eabi/14.2.1/../../../../arm-none-eabi/lib/thumb/v6-m/nofp/libg_nano.a(libc_a-nano-svfprintf.o)
 .ARM.attributes
                0x00000cbc       0x2c /usr/share/arm-gnu-toolchain-14.2.rel1-x86_64-arm-none-eabi/bin/../lib/gcc/arm-none-eabi/14.2.1/thumb/v6-m/nofp/crtend.o
 .ARM.attributes
                0x00000ce8       0x1e /usr/share/arm-gnu-toolchain-14.2.rel1-x86_64-arm-none-eabi/bin/../lib/gcc/arm-none-eabi/14.2.1/thumb/v6-m/nofp/crtn.o
OUTPUT(bin/mspm0_scheduler_mode.elf elf32-littlearm)
LOAD linker stubs
LOAD /usr/share/arm-gnu-toolchain-14.2.rel1-x86_64-arm-none-eabi/bin/../lib/gcc/arm-none-eabi/14.2.1/../../../../arm-none-eabi/lib/thumb/v6-m/nofp/libc.a
LOAD /usr/share/arm-gnu-toolchain-14.2.rel1-x86_64-arm-none-eabi/bin/../lib/gcc/arm-none-eabi/14.2.1/../../../../arm-none-eabi/lib/thumb/v6-m/nofp/libm.a
LOAD /usr/share/arm-gnu-toolchain-14.2.rel1-x86_64-arm-none-eabi/bin/../lib/gcc/arm-none-eabi/14.2.1/thumb/v6-m/nofp/libgcc.a

.debug_frame    0x00000000     0x23a0
 .debug_frame   0x00000000       0x70 /usr/share/arm-gnu-toolchain-14.2.rel1-x86_64-arm-none-eabi/bin/../lib/gcc/arm-none-eabi/14.2.1/../../../../arm-none-eabi/lib/thumb/v6-m/nofp/libc_nano.a(libc_a-nano-vfprintf_float.o)
 .debug_frame   0x00000070       0x54 /usr/share/arm-gnu-toolchain-14.2.rel1-x86_64-arm-none-eabi/bin/../lib/gcc/arm-none-eabi/14.2.1/../../../../arm-none-eabi/lib/thumb/v6-m/nofp/libc_nano.a(libc_a-nano-vfprintf_i.o)
 .debug_frame   0x000000c4      0x138 /usr/share/arm-gnu-toolchain-14.2.rel1-x86_64-arm-none-eabi/bin/../lib/gcc/arm-none-eabi/14.2.1/../../../../arm-none-eabi/lib/thumb/v6-m/nofp/libc_nano.a(libc_a-findfp.o)
 .debug_frame   0x000001fc       0x34 /usr/share/arm-gnu-toolchain-14.2.rel1-x86_64-arm-none-eabi/bin/../lib/gcc/arm-none-eabi/14.2.1/../../../../arm-none-eabi/lib/thumb/v6-m/nofp/libc_nano.a(libc_a-fwalk.o)
 .debug_frame   0x00000230       0x90 /usr/share/arm-gnu-toolchain-14.2.rel1-x86_64-arm-none-eabi/bin/../lib/gcc/arm-none-eabi/14.2.1/../../../../arm-none-eabi/lib/thumb/v6-m/nofp/libc_nano.a(libc_a-stdio.o)
 .debug_frame   0x000002c0       0x20 /usr/share/arm-gnu-toolchain-14.2.rel1-x86_64-arm-none-eabi/bin/../lib/gcc/arm-none-eabi/14.2.1/../../../../arm-none-eabi/lib/thumb/v6-m/nofp/libc_nano.a(libc_a-memset.o)
 .debug_frame   0x000002e0       0x40 /usr/share/arm-gnu-toolchain-14.2.rel1-x86_64-arm-none-eabi/bin/../lib/gcc/arm-none-eabi/14.2.1/../../../../arm-none-eabi/lib/thumb/v6-m/nofp/libc_nano.a(libc_a-localeconv.o)
 .debug_frame   0x00000320       0x2c /usr/share/arm-gnu-toolchain-14.2.rel1-x86_64-arm-none-eabi/bin/../lib/gcc/arm-none-eabi/14.2.1/../../../../arm-none-eabi/lib/thumb/v6-m/nofp/libc_nano.a(libc_a-closer.o)
 .debug_frame   0x0000034c       0x2c /usr/share/arm-gnu-toolchain-14.2.rel1-x86_64-arm-none-eabi/bin/../lib/gcc/arm-none-eabi/14.2.1/../../../../arm-none-eabi/lib/thumb/v6-m/nofp/libc_nano.a(libc_a-reent.o)
 .debug_frame   0x00000378       0x2c /usr/share/arm-gnu-toolchain-14.2.rel1-x86_64-arm-none-eabi/bin/../lib/gcc/arm-none-eabi/14.2.1/../../../../arm-none-eabi/lib/thumb/v6-m/nofp/libc_nano.a(libc_a-lseekr.o)
 .debug_frame   0x000003a4       0x2c /usr/share/arm-gnu-toolchain-14.2.rel1-x86_64-arm-none-eabi/bin/../lib/gcc/arm-none-eabi/14.2.1/../../../../arm-none-eabi/lib/thumb/v6-m/nofp/libc_nano.a(libc_a-readr.o)
 .debug_frame   0x000003d0       0x2c /usr/share/arm-gnu-toolchain-14.2.rel1-x86_64-arm-none-eabi/bin/../lib/gcc/arm-none-eabi/14.2.1/../../../../arm-none-eabi/lib/thumb/v6-m/nofp/libc_nano.a(libc_a-writer.o)
 .debug_frame   0x000003fc       0xb0 /usr/share/arm-gnu-toolchain-14.2.rel1-x86_64-arm-none-eabi/bin/../lib/gcc/arm-none-eabi/14.2.1/../../../../arm-none-eabi/lib/thumb/v6-m/nofp/libc_nano.a(libc_a-lock.o)
 .debug_frame   0x000004ac       0x20 /usr/share/arm-gnu-toolchain-14.2.rel1-x86_64-arm-none-eabi/bin/../lib/gcc/arm-none-eabi/14.2.1/../../../../arm-none-eabi/lib/thumb/v6-m/nofp/libc_nano.a(libc_a-memchr-stub.o)
 .debug_frame   0x000004cc       0x54 /usr/share/arm-gnu-toolchain-14.2.rel1-x86_64-arm-none-eabi/bin/../lib/gcc/arm-none-eabi/14.2.1/../../../../arm-none-eabi/lib/thumb/v6-m/nofp/libc_nano.a(libc_a-dtoa.o)
 .debug_frame   0x00000520       0x2c /usr/share/arm-gnu-toolchain-14.2.rel1-x86_64-arm-none-eabi/bin/../lib/gcc/arm-none-eabi/14.2.1/../../../../arm-none-eabi/lib/thumb/v6-m/nofp/libc_nano.a(libc_a-freer.o)
 .debug_frame   0x0000054c       0x40 /usr/share/arm-gnu-toolchain-14.2.rel1-x86_64-arm-none-eabi/bin/../lib/gcc/arm-none-eabi/14.2.1/../../../../arm-none-eabi/lib/thumb/v6-m/nofp/libc_nano.a(libc_a-malloc.o)
 .debug_frame   0x0000058c       0x50 /usr/share/arm-gnu-toolchain-14.2.rel1-x86_64-arm-none-eabi/bin/../lib/gcc/arm-none-eabi/14.2.1/../../../../arm-none-eabi/lib/thumb/v6-m/nofp/libc_nano.a(libc_a-mallocr.o)
 .debug_frame   0x000005dc       0x40 /usr/share/arm-gnu-toolchain-14.2.rel1-x86_64-arm-none-eabi/bin/../lib/gcc/arm-none-eabi/14.2.1/../../../../arm-none-eabi/lib/thumb/v6-m/nofp/libc_nano.a(libc_a-mlock.o)
 .debug_frame   0x0000061c      0x234 /usr/share/arm-gnu-toolchain-14.2.rel1-x86_64-arm-none-eabi/bin/../lib/gcc/arm-none-eabi/14.2.1/../../../../arm-none-eabi/lib/thumb/v6-m/nofp/libc_nano.a(libc_a-mprec.o)
 .debug_frame   0x00000850       0x68 /usr/share/arm-gnu-toolchain-14.2.rel1-x86_64-arm-none-eabi/bin/../lib/gcc/arm-none-eabi/14.2.1/../../../../arm-none-eabi/lib/thumb/v6-m/nofp/libc_nano.a(libc_a-fflush.o)
 .debug_frame   0x000008b8       0x54 /usr/share/arm-gnu-toolchain-14.2.rel1-x86_64-arm-none-eabi/bin/../lib/gcc/arm-none-eabi/14.2.1/../../../../arm-none-eabi/lib/thumb/v6-m/nofp/libc_nano.a(libc_a-locale.o)
 .debug_frame   0x0000090c       0x2c /usr/share/arm-gnu-toolchain-14.2.rel1-x86_64-arm-none-eabi/bin/../lib/gcc/arm-none-eabi/14.2.1/../../../../arm-none-eabi/lib/thumb/v6-m/nofp/libc_nano.a(libc_a-sbrkr.o)
 .debug_frame   0x00000938       0x28 /usr/share/arm-gnu-toolchain-14.2.rel1-x86_64-arm-none-eabi/bin/../lib/gcc/arm-none-eabi/14.2.1/../../../../arm-none-eabi/lib/thumb/v6-m/nofp/libc_nano.a(libc_a-memcpy-stub.o)
 .debug_frame   0x00000960       0x4c /usr/share/arm-gnu-toolchain-14.2.rel1-x86_64-arm-none-eabi/bin/../lib/gcc/arm-none-eabi/14.2.1/../../../../arm-none-eabi/lib/thumb/v6-m/nofp/libc_nano.a(libc_a-assert.o)
 .debug_frame   0x000009ac       0x2c /usr/share/arm-gnu-toolchain-14.2.rel1-x86_64-arm-none-eabi/bin/../lib/gcc/arm-none-eabi/14.2.1/../../../../arm-none-eabi/lib/thumb/v6-m/nofp/libc_nano.a(libc_a-callocr.o)
 .debug_frame   0x000009d8       0x44 /usr/share/arm-gnu-toolchain-14.2.rel1-x86_64-arm-none-eabi/bin/../lib/gcc/arm-none-eabi/14.2.1/../../../../arm-none-eabi/lib/thumb/v6-m/nofp/libc_nano.a(libc_a-mbtowc_r.o)
 .debug_frame   0x00000a1c       0x38 /usr/share/arm-gnu-toolchain-14.2.rel1-x86_64-arm-none-eabi/bin/../lib/gcc/arm-none-eabi/14.2.1/../../../../arm-none-eabi/lib/thumb/v6-m/nofp/libc_nano.a(libc_a-wctomb_r.o)
 .debug_frame   0x00000a54       0x50 /usr/share/arm-gnu-toolchain-14.2.rel1-x86_64-arm-none-eabi/bin/../lib/gcc/arm-none-eabi/14.2.1/../../../../arm-none-eabi/lib/thumb/v6-m/nofp/libc_nano.a(libc_a-fprintf.o)
 .debug_frame   0x00000aa4       0x28 /usr/share/arm-gnu-toolchain-14.2.rel1-x86_64-arm-none-eabi/bin/../lib/gcc/arm-none-eabi/14.2.1/../../../../arm-none-eabi/lib/thumb/v6-m/nofp/libc_nano.a(libc_a-abort.o)
 .debug_frame   0x00000acc       0x9c /usr/share/arm-gnu-toolchain-14.2.rel1-x86_64-arm-none-eabi/bin/../lib/gcc/arm-none-eabi/14.2.1/../../../../arm-none-eabi/lib/thumb/v6-m/nofp/libc_nano.a(libc_a-nano-vfprintf.o)
 .debug_frame   0x00000b68       0x48 /usr/share/arm-gnu-toolchain-14.2.rel1-x86_64-arm-none-eabi/bin/../lib/gcc/arm-none-eabi/14.2.1/../../../../arm-none-eabi/lib/thumb/v6-m/nofp/libc_nano.a(libc_a-wbuf.o)
 .debug_frame   0x00000bb0       0x2c /usr/share/arm-gnu-toolchain-14.2.rel1-x86_64-arm-none-eabi/bin/../lib/gcc/arm-none-eabi/14.2.1/../../../../arm-none-eabi/lib/thumb/v6-m/nofp/libc_nano.a(libc_a-wsetup.o)
 .debug_frame   0x00000bdc       0x28 /usr/share/arm-gnu-toolchain-14.2.rel1-x86_64-arm-none-eabi/bin/../lib/gcc/arm-none-eabi/14.2.1/../../../../arm-none-eabi/lib/thumb/v6-m/nofp/libc_nano.a(libc_a-memmove.o)
 .debug_frame   0x00000c04       0xe0 /usr/share/arm-gnu-toolchain-14.2.rel1-x86_64-arm-none-eabi/bin/../lib/gcc/arm-none-eabi/14.2.1/../../../../arm-none-eabi/lib/thumb/v6-m/nofp/libc_nano.a(libc_a-signal.o)
 .debug_frame   0x00000ce4       0x44 /usr/share/arm-gnu-toolchain-14.2.rel1-x86_64-arm-none-eabi/bin/../lib/gcc/arm-none-eabi/14.2.1/../../../../arm-none-eabi/lib/thumb/v6-m/nofp/libc_nano.a(libc_a-signalr.o)
 .debug_frame   0x00000d28       0x34 /usr/share/arm-gnu-toolchain-14.2.rel1-x86_64-arm-none-eabi/bin/../lib/gcc/arm-none-eabi/14.2.1/../../../../arm-none-eabi/lib/thumb/v6-m/nofp/libc_nano.a(libc_a-reallocr.o)
 .debug_frame   0x00000d5c       0x54 /usr/share/arm-gnu-toolchain-14.2.rel1-x86_64-arm-none-eabi/bin/../lib/gcc/arm-none-eabi/14.2.1/../../../../arm-none-eabi/lib/thumb/v6-m/nofp/libc_nano.a(libc_a-makebuf.o)
 .debug_frame   0x00000db0       0x2c /usr/share/arm-gnu-toolchain-14.2.rel1-x86_64-arm-none-eabi/bin/../lib/gcc/arm-none-eabi/14.2.1/../../../../arm-none-eabi/lib/thumb/v6-m/nofp/libc_nano.a(libc_a-fstatr.o)
 .debug_frame   0x00000ddc       0x2c /usr/share/arm-gnu-toolchain-14.2.rel1-x86_64-arm-none-eabi/bin/../lib/gcc/arm-none-eabi/14.2.1/../../../../arm-none-eabi/lib/thumb/v6-m/nofp/libc_nano.a(libc_a-isattyr.o)
 .debug_frame   0x00000e08       0x20 /usr/share/arm-gnu-toolchain-14.2.rel1-x86_64-arm-none-eabi/bin/../lib/gcc/arm-none-eabi/14.2.1/../../../../arm-none-eabi/lib/thumb/v6-m/nofp/libc_nano.a(libc_a-msizer.o)
 .debug_frame   0x00000e28       0x2c CMakeFiles/mspm0_scheduler_mode.dir/code/User/Src/main.c.obj
 .debug_frame   0x00000e54      0x42c CMakeFiles/mspm0_scheduler_mode.dir/code/User/Src/hardware_init.c.obj
 .debug_frame   0x00001280       0x4c CMakeFiles/mspm0_scheduler_mode.dir/code/User/Src/mspm0g3507_it.c.obj
 .debug_frame   0x000012cc       0x68 CMakeFiles/mspm0_scheduler_mode.dir/cmake/startup_mspm0g3507.c.obj
 .debug_frame   0x00001334      0x248 CMakeFiles/mspm0_scheduler_mode.dir/cmake/syscalls.c.obj
 .debug_frame   0x0000157c       0x4c CMakeFiles/mspm0_scheduler_mode.dir/code/App/Src/scheduler.c.obj
 .debug_frame   0x000015c8       0x8c CMakeFiles/mspm0_scheduler_mode.dir/code/App/Src/appuart.c.obj
 .debug_frame   0x00001654       0x30 lib/libti_mspm0_driverlib.a(dl_common.c.obj)
 .debug_frame   0x00001684      0x334 lib/libti_mspm0_driverlib.a(dl_uart.c.obj)
 .debug_frame   0x000019b8      0x678 lib/libti_mspm0_driverlib.a(dl_timer.c.obj)
 .debug_frame   0x00002030       0x20 /usr/share/arm-gnu-toolchain-14.2.rel1-x86_64-arm-none-eabi/bin/../lib/gcc/arm-none-eabi/14.2.1/thumb/v6-m/nofp/libgcc.a(_udivsi3.o)
 .debug_frame   0x00002050       0x20 /usr/share/arm-gnu-toolchain-14.2.rel1-x86_64-arm-none-eabi/bin/../lib/gcc/arm-none-eabi/14.2.1/thumb/v6-m/nofp/libgcc.a(_divsi3.o)
 .debug_frame   0x00002070       0x3c /usr/share/arm-gnu-toolchain-14.2.rel1-x86_64-arm-none-eabi/bin/../lib/gcc/arm-none-eabi/14.2.1/thumb/v6-m/nofp/libgcc.a(adddf3.o)
 .debug_frame   0x000020ac       0x3c /usr/share/arm-gnu-toolchain-14.2.rel1-x86_64-arm-none-eabi/bin/../lib/gcc/arm-none-eabi/14.2.1/thumb/v6-m/nofp/libgcc.a(divdf3.o)
 .debug_frame   0x000020e8       0x38 /usr/share/arm-gnu-toolchain-14.2.rel1-x86_64-arm-none-eabi/bin/../lib/gcc/arm-none-eabi/14.2.1/thumb/v6-m/nofp/libgcc.a(eqdf2.o)
 .debug_frame   0x00002120       0x3c /usr/share/arm-gnu-toolchain-14.2.rel1-x86_64-arm-none-eabi/bin/../lib/gcc/arm-none-eabi/14.2.1/thumb/v6-m/nofp/libgcc.a(gedf2.o)
 .debug_frame   0x0000215c       0x3c /usr/share/arm-gnu-toolchain-14.2.rel1-x86_64-arm-none-eabi/bin/../lib/gcc/arm-none-eabi/14.2.1/thumb/v6-m/nofp/libgcc.a(ledf2.o)
 .debug_frame   0x00002198       0x3c /usr/share/arm-gnu-toolchain-14.2.rel1-x86_64-arm-none-eabi/bin/../lib/gcc/arm-none-eabi/14.2.1/thumb/v6-m/nofp/libgcc.a(muldf3.o)
 .debug_frame   0x000021d4       0x3c /usr/share/arm-gnu-toolchain-14.2.rel1-x86_64-arm-none-eabi/bin/../lib/gcc/arm-none-eabi/14.2.1/thumb/v6-m/nofp/libgcc.a(subdf3.o)
 .debug_frame   0x00002210       0x34 /usr/share/arm-gnu-toolchain-14.2.rel1-x86_64-arm-none-eabi/bin/../lib/gcc/arm-none-eabi/14.2.1/thumb/v6-m/nofp/libgcc.a(unorddf2.o)
 .debug_frame   0x00002244       0x30 /usr/share/arm-gnu-toolchain-14.2.rel1-x86_64-arm-none-eabi/bin/../lib/gcc/arm-none-eabi/14.2.1/thumb/v6-m/nofp/libgcc.a(fixdfsi.o)
 .debug_frame   0x00002274       0x2c /usr/share/arm-gnu-toolchain-14.2.rel1-x86_64-arm-none-eabi/bin/../lib/gcc/arm-none-eabi/14.2.1/thumb/v6-m/nofp/libgcc.a(floatsidf.o)
 .debug_frame   0x000022a0       0x28 /usr/share/arm-gnu-toolchain-14.2.rel1-x86_64-arm-none-eabi/bin/../lib/gcc/arm-none-eabi/14.2.1/thumb/v6-m/nofp/libgcc.a(floatunsidf.o)
 .debug_frame   0x000022c8       0x44 /usr/share/arm-gnu-toolchain-14.2.rel1-x86_64-arm-none-eabi/bin/../lib/gcc/arm-none-eabi/14.2.1/../../../../arm-none-eabi/lib/thumb/v6-m/nofp/libg_nano.a(libc_a-vsprintf.o)
 .debug_frame   0x0000230c       0x20 /usr/share/arm-gnu-toolchain-14.2.rel1-x86_64-arm-none-eabi/bin/../lib/gcc/arm-none-eabi/14.2.1/../../../../arm-none-eabi/lib/thumb/v6-m/nofp/libg_nano.a(libc_a-errno.o)
 .debug_frame   0x0000232c       0x74 /usr/share/arm-gnu-toolchain-14.2.rel1-x86_64-arm-none-eabi/bin/../lib/gcc/arm-none-eabi/14.2.1/../../../../arm-none-eabi/lib/thumb/v6-m/nofp/libg_nano.a(libc_a-nano-svfprintf.o)

.debug_line_str
                0x00000000      0x1ae
 .debug_line_str
                0x00000000      0x1ae /usr/share/arm-gnu-toolchain-14.2.rel1-x86_64-arm-none-eabi/bin/../lib/gcc/arm-none-eabi/14.2.1/../../../../arm-none-eabi/lib/thumb/v6-m/nofp/libc_nano.a(libc_a-strlen.o)
                                 0xe0 (size before relaxing)
 .debug_line_str
                0x000001ae       0xc2 /usr/share/arm-gnu-toolchain-14.2.rel1-x86_64-arm-none-eabi/bin/../lib/gcc/arm-none-eabi/14.2.1/thumb/v6-m/nofp/libgcc.a(_thumb1_case_uqi.o)
 .debug_line_str
                0x000001ae       0xc2 /usr/share/arm-gnu-toolchain-14.2.rel1-x86_64-arm-none-eabi/bin/../lib/gcc/arm-none-eabi/14.2.1/thumb/v6-m/nofp/libgcc.a(_thumb1_case_shi.o)
 .debug_line_str
                0x000001ae       0xc2 /usr/share/arm-gnu-toolchain-14.2.rel1-x86_64-arm-none-eabi/bin/../lib/gcc/arm-none-eabi/14.2.1/thumb/v6-m/nofp/libgcc.a(_udivsi3.o)
 .debug_line_str
                0x000001ae       0xc2 /usr/share/arm-gnu-toolchain-14.2.rel1-x86_64-arm-none-eabi/bin/../lib/gcc/arm-none-eabi/14.2.1/thumb/v6-m/nofp/libgcc.a(_divsi3.o)
 .debug_line_str
                0x000001ae       0xc2 /usr/share/arm-gnu-toolchain-14.2.rel1-x86_64-arm-none-eabi/bin/../lib/gcc/arm-none-eabi/14.2.1/thumb/v6-m/nofp/libgcc.a(_dvmd_tls.o)
 .debug_line_str
                0x000001ae       0xc2 /usr/share/arm-gnu-toolchain-14.2.rel1-x86_64-arm-none-eabi/bin/../lib/gcc/arm-none-eabi/14.2.1/thumb/v6-m/nofp/libgcc.a(_arm_cmpdf2.o)
 .debug_line_str
                0x000001ae       0xc2 /usr/share/arm-gnu-toolchain-14.2.rel1-x86_64-arm-none-eabi/bin/../lib/gcc/arm-none-eabi/14.2.1/thumb/v6-m/nofp/libgcc.a(_clzsi2.o)

.debug_info     0x00000000    0x3d5e3
 .debug_info    0x00000000     0x65b6 CMakeFiles/mspm0_scheduler_mode.dir/code/User/Src/main.c.obj
 .debug_info    0x000065b6     0x7602 CMakeFiles/mspm0_scheduler_mode.dir/code/User/Src/hardware_init.c.obj
 .debug_info    0x0000dbb8     0x6659 CMakeFiles/mspm0_scheduler_mode.dir/code/User/Src/mspm0g3507_it.c.obj
 .debug_info    0x00014211     0x665b CMakeFiles/mspm0_scheduler_mode.dir/cmake/startup_mspm0g3507.c.obj
 .debug_info    0x0001a86c      0x6d9 CMakeFiles/mspm0_scheduler_mode.dir/cmake/syscalls.c.obj
 .debug_info    0x0001af45     0x66aa CMakeFiles/mspm0_scheduler_mode.dir/code/App/Src/scheduler.c.obj
 .debug_info    0x000215ef     0x675c CMakeFiles/mspm0_scheduler_mode.dir/code/App/Src/appuart.c.obj
 .debug_info    0x00027d4b     0x6599 lib/libti_mspm0_driverlib.a(dl_common.c.obj)
 .debug_info    0x0002e2e4     0x7134 lib/libti_mspm0_driverlib.a(dl_uart.c.obj)
 .debug_info    0x00035418     0x81cb lib/libti_mspm0_driverlib.a(dl_timer.c.obj)

.debug_abbrev   0x00000000     0x17fc
 .debug_abbrev  0x00000000      0x1ca CMakeFiles/mspm0_scheduler_mode.dir/code/User/Src/main.c.obj
 .debug_abbrev  0x000001ca      0x319 CMakeFiles/mspm0_scheduler_mode.dir/code/User/Src/hardware_init.c.obj
 .debug_abbrev  0x000004e3      0x20d CMakeFiles/mspm0_scheduler_mode.dir/code/User/Src/mspm0g3507_it.c.obj
 .debug_abbrev  0x000006f0      0x220 CMakeFiles/mspm0_scheduler_mode.dir/cmake/startup_mspm0g3507.c.obj
 .debug_abbrev  0x00000910      0x1aa CMakeFiles/mspm0_scheduler_mode.dir/cmake/syscalls.c.obj
 .debug_abbrev  0x00000aba      0x24a CMakeFiles/mspm0_scheduler_mode.dir/code/App/Src/scheduler.c.obj
 .debug_abbrev  0x00000d04      0x2cd CMakeFiles/mspm0_scheduler_mode.dir/code/App/Src/appuart.c.obj
 .debug_abbrev  0x00000fd1      0x1d6 lib/libti_mspm0_driverlib.a(dl_common.c.obj)
 .debug_abbrev  0x000011a7      0x34b lib/libti_mspm0_driverlib.a(dl_uart.c.obj)
 .debug_abbrev  0x000014f2      0x30a lib/libti_mspm0_driverlib.a(dl_timer.c.obj)

.debug_aranges  0x00000000      0x558
 .debug_aranges
                0x00000000       0x20 CMakeFiles/mspm0_scheduler_mode.dir/code/User/Src/main.c.obj
 .debug_aranges
                0x00000020      0x128 CMakeFiles/mspm0_scheduler_mode.dir/code/User/Src/hardware_init.c.obj
 .debug_aranges
                0x00000148       0x28 CMakeFiles/mspm0_scheduler_mode.dir/code/User/Src/mspm0g3507_it.c.obj
 .debug_aranges
                0x00000170       0x30 CMakeFiles/mspm0_scheduler_mode.dir/cmake/startup_mspm0g3507.c.obj
 .debug_aranges
                0x000001a0       0xa8 CMakeFiles/mspm0_scheduler_mode.dir/cmake/syscalls.c.obj
 .debug_aranges
                0x00000248       0x28 CMakeFiles/mspm0_scheduler_mode.dir/code/App/Src/scheduler.c.obj
 .debug_aranges
                0x00000270       0x38 CMakeFiles/mspm0_scheduler_mode.dir/code/App/Src/appuart.c.obj
 .debug_aranges
                0x000002a8       0x20 lib/libti_mspm0_driverlib.a(dl_common.c.obj)
 .debug_aranges
                0x000002c8       0xe0 lib/libti_mspm0_driverlib.a(dl_uart.c.obj)
 .debug_aranges
                0x000003a8      0x1b0 lib/libti_mspm0_driverlib.a(dl_timer.c.obj)

.debug_rnglists
                0x00000000      0x3e5
 .debug_rnglists
                0x00000000       0x13 CMakeFiles/mspm0_scheduler_mode.dir/code/User/Src/main.c.obj
 .debug_rnglists
                0x00000013       0xda CMakeFiles/mspm0_scheduler_mode.dir/code/User/Src/hardware_init.c.obj
 .debug_rnglists
                0x000000ed       0x19 CMakeFiles/mspm0_scheduler_mode.dir/code/User/Src/mspm0g3507_it.c.obj
 .debug_rnglists
                0x00000106       0x1f CMakeFiles/mspm0_scheduler_mode.dir/cmake/startup_mspm0g3507.c.obj
 .debug_rnglists
                0x00000125       0x79 CMakeFiles/mspm0_scheduler_mode.dir/cmake/syscalls.c.obj
 .debug_rnglists
                0x0000019e       0x1a CMakeFiles/mspm0_scheduler_mode.dir/code/App/Src/scheduler.c.obj
 .debug_rnglists
                0x000001b8       0x26 CMakeFiles/mspm0_scheduler_mode.dir/code/App/Src/appuart.c.obj
 .debug_rnglists
                0x000001de       0x13 lib/libti_mspm0_driverlib.a(dl_common.c.obj)
 .debug_rnglists
                0x000001f1       0xa8 lib/libti_mspm0_driverlib.a(dl_uart.c.obj)
 .debug_rnglists
                0x00000299      0x14c lib/libti_mspm0_driverlib.a(dl_timer.c.obj)

.debug_macro    0x00000000    0x2a3c6
 .debug_macro   0x00000000      0x4db CMakeFiles/mspm0_scheduler_mode.dir/code/User/Src/main.c.obj
 .debug_macro   0x000004db      0xac0 CMakeFiles/mspm0_scheduler_mode.dir/code/User/Src/main.c.obj
 .debug_macro   0x00000f9b       0x22 CMakeFiles/mspm0_scheduler_mode.dir/code/User/Src/main.c.obj
 .debug_macro   0x00000fbd       0x75 CMakeFiles/mspm0_scheduler_mode.dir/code/User/Src/main.c.obj
 .debug_macro   0x00001032       0x24 CMakeFiles/mspm0_scheduler_mode.dir/code/User/Src/main.c.obj
 .debug_macro   0x00001056       0x94 CMakeFiles/mspm0_scheduler_mode.dir/code/User/Src/main.c.obj
 .debug_macro   0x000010ea       0x3c CMakeFiles/mspm0_scheduler_mode.dir/code/User/Src/main.c.obj
 .debug_macro   0x00001126       0x34 CMakeFiles/mspm0_scheduler_mode.dir/code/User/Src/main.c.obj
 .debug_macro   0x0000115a       0x16 CMakeFiles/mspm0_scheduler_mode.dir/code/User/Src/main.c.obj
 .debug_macro   0x00001170       0x57 CMakeFiles/mspm0_scheduler_mode.dir/code/User/Src/main.c.obj
 .debug_macro   0x000011c7       0x9e CMakeFiles/mspm0_scheduler_mode.dir/code/User/Src/main.c.obj
 .debug_macro   0x00001265      0x364 CMakeFiles/mspm0_scheduler_mode.dir/code/User/Src/main.c.obj
 .debug_macro   0x000015c9      0x112 CMakeFiles/mspm0_scheduler_mode.dir/code/User/Src/main.c.obj
 .debug_macro   0x000016db       0x10 CMakeFiles/mspm0_scheduler_mode.dir/code/User/Src/main.c.obj
 .debug_macro   0x000016eb       0x16 CMakeFiles/mspm0_scheduler_mode.dir/code/User/Src/main.c.obj
 .debug_macro   0x00001701       0x4a CMakeFiles/mspm0_scheduler_mode.dir/code/User/Src/main.c.obj
 .debug_macro   0x0000174b       0x34 CMakeFiles/mspm0_scheduler_mode.dir/code/User/Src/main.c.obj
 .debug_macro   0x0000177f       0x10 CMakeFiles/mspm0_scheduler_mode.dir/code/User/Src/main.c.obj